Archive member included to satisfy reference by file (symbol)

/home/francois/st/stm32cubeide_1.16.1/plugins/com.st.stm32cube.ide.mcu.externaltools.gnu-tools-for-stm32.12.3.rel1.linux64_1.0.200.202406132123/tools/bin/../lib/gcc/arm-none-eabi/12.3.1/../../../../arm-none-eabi/lib/thumb/v7e-m+fp/hard/libc_nano.a(libc_a-exit.o)
                              /home/francois/st/stm32cubeide_1.16.1/plugins/com.st.stm32cube.ide.mcu.externaltools.gnu-tools-for-stm32.12.3.rel1.linux64_1.0.200.202406132123/tools/bin/../lib/gcc/arm-none-eabi/12.3.1/../../../../arm-none-eabi/lib/thumb/v7e-m+fp/hard/crt0.o (exit)
/home/francois/st/stm32cubeide_1.16.1/plugins/com.st.stm32cube.ide.mcu.externaltools.gnu-tools-for-stm32.12.3.rel1.linux64_1.0.200.202406132123/tools/bin/../lib/gcc/arm-none-eabi/12.3.1/../../../../arm-none-eabi/lib/thumb/v7e-m+fp/hard/libc_nano.a(libc_a-findfp.o)
                              /home/francois/st/stm32cubeide_1.16.1/plugins/com.st.stm32cube.ide.mcu.externaltools.gnu-tools-for-stm32.12.3.rel1.linux64_1.0.200.202406132123/tools/bin/../lib/gcc/arm-none-eabi/12.3.1/../../../../arm-none-eabi/lib/thumb/v7e-m+fp/hard/libc_nano.a(libc_a-exit.o) (__stdio_exit_handler)
/home/francois/st/stm32cubeide_1.16.1/plugins/com.st.stm32cube.ide.mcu.externaltools.gnu-tools-for-stm32.12.3.rel1.linux64_1.0.200.202406132123/tools/bin/../lib/gcc/arm-none-eabi/12.3.1/../../../../arm-none-eabi/lib/thumb/v7e-m+fp/hard/libc_nano.a(libc_a-fwalk.o)
                              /home/francois/st/stm32cubeide_1.16.1/plugins/com.st.stm32cube.ide.mcu.externaltools.gnu-tools-for-stm32.12.3.rel1.linux64_1.0.200.202406132123/tools/bin/../lib/gcc/arm-none-eabi/12.3.1/../../../../arm-none-eabi/lib/thumb/v7e-m+fp/hard/libc_nano.a(libc_a-findfp.o) (_fwalk_sglue)
/home/francois/st/stm32cubeide_1.16.1/plugins/com.st.stm32cube.ide.mcu.externaltools.gnu-tools-for-stm32.12.3.rel1.linux64_1.0.200.202406132123/tools/bin/../lib/gcc/arm-none-eabi/12.3.1/../../../../arm-none-eabi/lib/thumb/v7e-m+fp/hard/libc_nano.a(libc_a-stdio.o)
                              /home/francois/st/stm32cubeide_1.16.1/plugins/com.st.stm32cube.ide.mcu.externaltools.gnu-tools-for-stm32.12.3.rel1.linux64_1.0.200.202406132123/tools/bin/../lib/gcc/arm-none-eabi/12.3.1/../../../../arm-none-eabi/lib/thumb/v7e-m+fp/hard/libc_nano.a(libc_a-findfp.o) (__sread)
/home/francois/st/stm32cubeide_1.16.1/plugins/com.st.stm32cube.ide.mcu.externaltools.gnu-tools-for-stm32.12.3.rel1.linux64_1.0.200.202406132123/tools/bin/../lib/gcc/arm-none-eabi/12.3.1/../../../../arm-none-eabi/lib/thumb/v7e-m+fp/hard/libc_nano.a(libc_a-memset.o)
                              /home/francois/st/stm32cubeide_1.16.1/plugins/com.st.stm32cube.ide.mcu.externaltools.gnu-tools-for-stm32.12.3.rel1.linux64_1.0.200.202406132123/tools/bin/../lib/gcc/arm-none-eabi/12.3.1/../../../../arm-none-eabi/lib/thumb/v7e-m+fp/hard/crt0.o (memset)
/home/francois/st/stm32cubeide_1.16.1/plugins/com.st.stm32cube.ide.mcu.externaltools.gnu-tools-for-stm32.12.3.rel1.linux64_1.0.200.202406132123/tools/bin/../lib/gcc/arm-none-eabi/12.3.1/../../../../arm-none-eabi/lib/thumb/v7e-m+fp/hard/libc_nano.a(libc_a-closer.o)
                              /home/francois/st/stm32cubeide_1.16.1/plugins/com.st.stm32cube.ide.mcu.externaltools.gnu-tools-for-stm32.12.3.rel1.linux64_1.0.200.202406132123/tools/bin/../lib/gcc/arm-none-eabi/12.3.1/../../../../arm-none-eabi/lib/thumb/v7e-m+fp/hard/libc_nano.a(libc_a-stdio.o) (_close_r)
/home/francois/st/stm32cubeide_1.16.1/plugins/com.st.stm32cube.ide.mcu.externaltools.gnu-tools-for-stm32.12.3.rel1.linux64_1.0.200.202406132123/tools/bin/../lib/gcc/arm-none-eabi/12.3.1/../../../../arm-none-eabi/lib/thumb/v7e-m+fp/hard/libc_nano.a(libc_a-reent.o)
                              /home/francois/st/stm32cubeide_1.16.1/plugins/com.st.stm32cube.ide.mcu.externaltools.gnu-tools-for-stm32.12.3.rel1.linux64_1.0.200.202406132123/tools/bin/../lib/gcc/arm-none-eabi/12.3.1/../../../../arm-none-eabi/lib/thumb/v7e-m+fp/hard/libc_nano.a(libc_a-closer.o) (errno)
/home/francois/st/stm32cubeide_1.16.1/plugins/com.st.stm32cube.ide.mcu.externaltools.gnu-tools-for-stm32.12.3.rel1.linux64_1.0.200.202406132123/tools/bin/../lib/gcc/arm-none-eabi/12.3.1/../../../../arm-none-eabi/lib/thumb/v7e-m+fp/hard/libc_nano.a(libc_a-impure.o)
                              /home/francois/st/stm32cubeide_1.16.1/plugins/com.st.stm32cube.ide.mcu.externaltools.gnu-tools-for-stm32.12.3.rel1.linux64_1.0.200.202406132123/tools/bin/../lib/gcc/arm-none-eabi/12.3.1/../../../../arm-none-eabi/lib/thumb/v7e-m+fp/hard/libc_nano.a(libc_a-reent.o) (_impure_ptr)
/home/francois/st/stm32cubeide_1.16.1/plugins/com.st.stm32cube.ide.mcu.externaltools.gnu-tools-for-stm32.12.3.rel1.linux64_1.0.200.202406132123/tools/bin/../lib/gcc/arm-none-eabi/12.3.1/../../../../arm-none-eabi/lib/thumb/v7e-m+fp/hard/libc_nano.a(libc_a-lseekr.o)
[...]
Memory Configuration

Name             Origin             Length             Attributes
CCMRAM           0x10000000         0x00010000         xrw
RAM              0x20000000         0x00020000         xrw
FLASH            0x08000000         0x00100000         xr
*default*        0x00000000         0xffffffff

Linker script and memory map

LOAD /home/francois/st/stm32cubeide_1.16.1/plugins/com.st.stm32cube.ide.mcu.externaltools.gnu-tools-for-stm32.12.3.rel1.linux64_1.0.200.202406132123/tools/bin/../lib/gcc/arm-none-eabi/12.3.1/thumb/v7e-m+fp/hard/crti.o
LOAD /home/francois/st/stm32cubeide_1.16.1/plugins/com.st.stm32cube.ide.mcu.externaltools.gnu-tools-for-stm32.12.3.rel1.linux64_1.0.200.202406132123/tools/bin/../lib/gcc/arm-none-eabi/12.3.1/thumb/v7e-m+fp/hard/crtbegin.o
LOAD /home/francois/st/stm32cubeide_1.16.1/plugins/com.st.stm32cube.ide.mcu.externaltools.gnu-tools-for-stm32.12.3.rel1.linux64_1.0.200.202406132123/tools/bin/../lib/gcc/arm-none-eabi/12.3.1/../../../../arm-none-eabi/lib/thumb/v7e-m+fp/hard/crt0.o
LOAD ./Core/Src/main.o
LOAD ./Core/Src/stm32f4xx_hal_msp.o
LOAD ./Core/Src/stm32f4xx_it.o
LOAD ./Core/Src/syscalls.o
LOAD ./Core/Src/sysmem.o
LOAD ./Core/Src/system_stm32f4xx.o
LOAD ./Core/Startup/startup_stm32f405rgtx.o
LOAD ./Drivers/STM32F4xx_HAL_Driver/Src/stm32f4xx_hal.o
LOAD ./Drivers/STM32F4xx_HAL_Driver/Src/stm32f4xx_hal_cortex.o
LOAD ./Drivers/STM32F4xx_HAL_Driver/Src/stm32f4xx_hal_dma.o
LOAD ./Drivers/STM32F4xx_HAL_Driver/Src/stm32f4xx_hal_dma_ex.o
LOAD ./Drivers/STM32F4xx_HAL_Driver/Src/stm32f4xx_hal_exti.o
LOAD ./Drivers/STM32F4xx_HAL_Driver/Src/stm32f4xx_hal_flash.o
LOAD ./Drivers/STM32F4xx_HAL_Driver/Src/stm32f4xx_hal_flash_ex.o
LOAD ./Drivers/STM32F4xx_HAL_Driver/Src/stm32f4xx_hal_flash_ramfunc.o
LOAD ./Drivers/STM32F4xx_HAL_Driver/Src/stm32f4xx_hal_gpio.o
LOAD ./Drivers/STM32F4xx_HAL_Driver/Src/stm32f4xx_hal_pcd.o
LOAD ./Drivers/STM32F4xx_HAL_Driver/Src/stm32f4xx_hal_pcd_ex.o
LOAD ./Drivers/STM32F4xx_HAL_Driver/Src/stm32f4xx_hal_pwr.o
LOAD ./Drivers/STM32F4xx_HAL_Driver/Src/stm32f4xx_hal_pwr_ex.o
LOAD ./Drivers/STM32F4xx_HAL_Driver/Src/stm32f4xx_hal_rcc.o
LOAD ./Drivers/STM32F4xx_HAL_Driver/Src/stm32f4xx_hal_rcc_ex.o
LOAD ./Drivers/STM32F4xx_HAL_Driver/Src/stm32f4xx_hal_tim.o
LOAD ./Drivers/STM32F4xx_HAL_Driver/Src/stm32f4xx_hal_tim_ex.o
LOAD ./Drivers/STM32F4xx_HAL_Driver/Src/stm32f4xx_ll_usb.o
LOAD ./Middlewares/ST/STM32_USB_Device_Library/Class/CDC/Src/usbd_cdc.o
LOAD ./Middlewares/ST/STM32_USB_Device_Library/Core/Src/usbd_core.o
LOAD ./Middlewares/ST/STM32_USB_Device_Library/Core/Src/usbd_ctlreq.o
LOAD ./Middlewares/ST/STM32_USB_Device_Library/Core/Src/usbd_ioreq.o
LOAD ./USB_DEVICE/App/usb_device.o
LOAD ./USB_DEVICE/App/usbd_cdc_if.o
LOAD ./USB_DEVICE/App/usbd_desc.o
LOAD ./USB_DEVICE/Target/usbd_conf.o
START GROUP
LOAD /home/francois/st/stm32cubeide_1.16.1/plugins/com.st.stm32cube.ide.mcu.externaltools.gnu-tools-for-stm32.12.3.rel1.linux64_1.0.200.202406132123/tools/bin/../lib/gcc/arm-none-eabi/12.3.1/../../../../arm-none-eabi/lib/thumb/v7e-m+fp/hard/libc_nano.a
LOAD /home/francois/st/stm32cubeide_1.16.1/plugins/com.st.stm32cube.ide.mcu.externaltools.gnu-tools-for-stm32.12.3.rel1.linux64_1.0.200.202406132123/tools/bin/../lib/gcc/arm-none-eabi/12.3.1/../../../../arm-none-eabi/lib/thumb/v7e-m+fp/hard/libm.a
END GROUP
START GROUP
LOAD /home/francois/st/stm32cubeide_1.16.1/plugins/com.st.stm32cube.ide.mcu.externaltools.gnu-tools-for-stm32.12.3.rel1.linux64_1.0.200.202406132123/tools/bin/../lib/gcc/arm-none-eabi/12.3.1/thumb/v7e-m+fp/hard/libgcc.a
LOAD /home/francois/st/stm32cubeide_1.16.1/plugins/com.st.stm32cube.ide.mcu.externaltools.gnu-tools-for-stm32.12.3.rel1.linux64_1.0.200.202406132123/tools/bin/../lib/gcc/arm-none-eabi/12.3.1/../../../../arm-none-eabi/lib/thumb/v7e-m+fp/hard/libc_nano.a
END GROUP
START GROUP
LOAD /home/francois/st/stm32cubeide_1.16.1/plugins/com.st.stm32cube.ide.mcu.externaltools.gnu-tools-for-stm32.12.3.rel1.linux64_1.0.200.202406132123/tools/bin/../lib/gcc/arm-none-eabi/12.3.1/thumb/v7e-m+fp/hard/libgcc.a
LOAD /home/francois/st/stm32cubeide_1.16.1/plugins/com.st.stm32cube.ide.mcu.externaltools.gnu-tools-for-stm32.12.3.rel1.linux64_1.0.200.202406132123/tools/bin/../lib/gcc/arm-none-eabi/12.3.1/../../../../arm-none-eabi/lib/thumb/v7e-m+fp/hard/libc_nano.a
LOAD /home/francois/st/stm32cubeide_1.16.1/plugins/com.st.stm32cube.ide.mcu.externaltools.gnu-tools-for-stm32.12.3.rel1.linux64_1.0.200.202406132123/tools/bin/../lib/gcc/arm-none-eabi/12.3.1/../../../../arm-none-eabi/lib/thumb/v7e-m+fp/hard/libnosys.a
END GROUP
START GROUP
LOAD /home/francois/st/stm32cubeide_1.16.1/plugins/com.st.stm32cube.ide.mcu.externaltools.gnu-tools-for-stm32.12.3.rel1.linux64_1.0.200.202406132123/tools/bin/../lib/gcc/arm-none-eabi/12.3.1/thumb/v7e-m+fp/hard/libgcc.a
LOAD /home/francois/st/stm32cubeide_1.16.1/plugins/com.st.stm32cube.ide.mcu.externaltools.gnu-tools-for-stm32.12.3.rel1.linux64_1.0.200.202406132123/tools/bin/../lib/gcc/arm-none-eabi/12.3.1/../../../../arm-none-eabi/lib/thumb/v7e-m+fp/hard/libc_nano.a
LOAD /home/francois/st/stm32cubeide_1.16.1/plugins/com.st.stm32cube.ide.mcu.externaltools.gnu-tools-for-stm32.12.3.rel1.linux64_1.0.200.202406132123/tools/bin/../lib/gcc/arm-none-eabi/12.3.1/../../../../arm-none-eabi/lib/thumb/v7e-m+fp/hard/libnosys.a
END GROUP
LOAD /home/francois/st/stm32cubeide_1.16.1/plugins/com.st.stm32cube.ide.mcu.externaltools.gnu-tools-for-stm32.12.3.rel1.linux64_1.0.200.202406132123/tools/bin/../lib/gcc/arm-none-eabi/12.3.1/thumb/v7e-m+fp/hard/crtend.o
LOAD /home/francois/st/stm32cubeide_1.16.1/plugins/com.st.stm32cube.ide.mcu.externaltools.gnu-tools-for-stm32.12.3.rel1.linux64_1.0.200.202406132123/tools/bin/../lib/gcc/arm-none-eabi/12.3.1/thumb/v7e-m+fp/hard/crtn.o
                0x20020000                        _estack = (ORIGIN (RAM) + LENGTH (RAM))
                0x00000200                        _Min_Heap_Size = 0x200
                0x00000400                        _Min_Stack_Size = 0x400

.isr_vector     0x08000000      0x188
                0x08000000                        . = ALIGN (0x4)
 *(.isr_vector)
 .isr_vector    0x08000000      0x188 ./Core/Startup/startup_stm32f405rgtx.o
                0x08000000                g_pfnVectors
                0x08000188                        . = ALIGN (0x4)

.text           0x08000188     0x6ac8
                0x08000188                        . = ALIGN (0x4)
 *(.text)
 .text          0x08000188       0x40 /home/francois/st/stm32cubeide_1.16.1/plugins/com.st.stm32cube.ide.mcu.externaltools.gnu-tools-for-stm32.12.3.rel1.linux64_1.0.200.202406132123/tools/bin/../lib/gcc/arm-none-eabi/12.3.1/thumb/v7e-m+fp/hard/crtbegin.o
 .text          0x080001c8       0x30 /home/francois/st/stm32cubeide_1.16.1/plugins/com.st.stm32cube.ide.mcu.externaltools.gnu-tools-for-stm32.12.3.rel1.linux64_1.0.200.202406132123/tools/bin/../lib/gcc/arm-none-eabi/12.3.1/thumb/v7e-m+fp/hard/libgcc.a(_aeabi_uldivmod.o)
                0x080001c8                __aeabi_uldivmod
 .text          0x080001f8      0x2bc /home/francois/st/stm32cubeide_1.16.1/plugins/com.st.stm32cube.ide.mcu.externaltools.gnu-tools-for-stm32.12.3.rel1.linux64_1.0.200.202406132123/tools/bin/../lib/gcc/arm-none-eabi/12.3.1/thumb/v7e-m+fp/hard/libgcc.a(_udivmoddi4.o)
                0x080001f8                __udivmoddi4
 .text          0x080004b4        0x4 /home/francois/st/stm32cubeide_1.16.1/plugins/com.st.stm32cube.ide.mcu.externaltools.gnu-tools-for-stm32.12.3.rel1.linux64_1.0.200.202406132123/tools/bin/../lib/gcc/arm-none-eabi/12.3.1/thumb/v7e-m+fp/hard/libgcc.a(_dvmd_tls.o)
                0x080004b4                __aeabi_ldiv0
                0x080004b4                __aeabi_idiv0
 *(.text*)
 .text.main     0x080004b8       0x2c ./Core/Src/main.o
                0x080004b8                main
 .text.SystemClock_Config
                0x080004e4       0xd4 ./Core/Src/main.o
                0x080004e4                SystemClock_Config
 .text.MX_GPIO_Init
                0x080005b8       0x6c ./Core/Src/main.o
 .text.Error_Handler
                0x08000624        0xc ./Core/Src/main.o
                0x08000624                Error_Handler
 .text.HAL_MspInit
                0x08000630       0x50 ./Core/Src/stm32f4xx_hal_msp.o
                0x08000630                HAL_MspInit
 .text.NMI_Handler
                0x08000680        0x8 ./Core/Src/stm32f4xx_it.o
                0x08000680                NMI_Handler
 .text.HardFault_Handler
                0x08000688        0x8 ./Core/Src/stm32f4xx_it.o
                0x08000688                HardFault_Handler
 .text.MemManage_Handler
                0x08000690        0x8 ./Core/Src/stm32f4xx_it.o
                0x08000690                MemManage_Handler
 .text.BusFault_Handler
                0x08000698        0x8 ./Core/Src/stm32f4xx_it.o
                0x08000698                BusFault_Handler
 .text.UsageFault_Handler
                0x080006a0        0x8 ./Core/Src/stm32f4xx_it.o
                0x080006a0                UsageFault_Handler
 .text.SVC_Handler
                0x080006a8        0xe ./Core/Src/stm32f4xx_it.o
                0x080006a8                SVC_Handler
 .text.DebugMon_Handler
                0x080006b6        0xe ./Core/Src/stm32f4xx_it.o
                0x080006b6                DebugMon_Handler
 .text.PendSV_Handler
                0x080006c4        0xe ./Core/Src/stm32f4xx_it.o
                0x080006c4                PendSV_Handler
 .text.SysTick_Handler
                0x080006d2        0xc ./Core/Src/stm32f4xx_it.o
                0x080006d2                SysTick_Handler
 *fill*         0x080006de        0x2 
 .text.OTG_FS_IRQHandler
                0x080006e0       0x14 ./Core/Src/stm32f4xx_it.o
                0x080006e0                OTG_FS_IRQHandler
 .text.SystemInit
                0x080006f4       0x24 ./Core/Src/system_stm32f4xx.o
                0x080006f4                SystemInit
 .text.Reset_Handler
                0x08000718       0x50 ./Core/Startup/startup_stm32f405rgtx.o
                0x08000718                Reset_Handler
 .text.Default_Handler
                0x08000768        0x2 ./Core/Startup/startup_stm32f405rgtx.o
                0x08000768                RTC_Alarm_IRQHandler
                0x08000768                HASH_RNG_IRQHandler
                0x08000768                EXTI2_IRQHandler
                0x08000768                TIM8_CC_IRQHandler
                0x08000768                TIM1_CC_IRQHandler
                0x08000768                DMA2_Stream5_IRQHandler
                0x08000768                DMA1_Stream5_IRQHandler
                0x08000768                PVD_IRQHandler
                0x08000768                SDIO_IRQHandler
                0x08000768                TAMP_STAMP_IRQHandler
                0x08000768                CAN2_RX1_IRQHandler
                0x08000768                EXTI3_IRQHandler
                0x08000768                TIM8_TRG_COM_TIM14_IRQHandler
                0x08000768                TIM1_UP_TIM10_IRQHandler
                0x08000768                TIM8_UP_TIM13_IRQHandler
                0x08000768                I2C3_ER_IRQHandler
                0x08000768                EXTI0_IRQHandler
                0x08000768                I2C2_EV_IRQHandler
                0x08000768                DMA1_Stream2_IRQHandler
                0x08000768                CAN1_RX0_IRQHandler
                0x08000768                FPU_IRQHandler
                0x08000768                OTG_HS_WKUP_IRQHandler
                0x08000768                CAN2_SCE_IRQHandler
                0x08000768                DMA2_Stream2_IRQHandler
                0x08000768                SPI1_IRQHandler
                0x08000768                TIM6_DAC_IRQHandler
                0x08000768                TIM1_BRK_TIM9_IRQHandler
                0x08000768                CAN2_RX0_IRQHandler
                0x08000768                DMA2_Stream3_IRQHandler
                0x08000768                USART6_IRQHandler
                0x08000768                USART3_IRQHandler
                0x08000768                CAN1_RX1_IRQHandler
                0x08000768                UART5_IRQHandler
                0x08000768                DMA2_Stream0_IRQHandler
                0x08000768                TIM4_IRQHandler
                0x08000768                I2C1_EV_IRQHandler
                0x08000768                DMA1_Stream6_IRQHandler
                0x08000768                DMA1_Stream1_IRQHandler
                0x08000768                UART4_IRQHandler
                0x08000768                TIM3_IRQHandler
                0x08000768                RCC_IRQHandler
                0x08000768                TIM8_BRK_TIM12_IRQHandler
                0x08000768                Default_Handler
                0x08000768                EXTI15_10_IRQHandler
                0x08000768                ADC_IRQHandler
                0x08000768                DMA1_Stream7_IRQHandler
                0x08000768                TIM7_IRQHandler
                0x08000768                CAN2_TX_IRQHandler
                0x08000768                TIM5_IRQHandler
                0x08000768                DMA2_Stream7_IRQHandler
                0x08000768                I2C3_EV_IRQHandler
                0x08000768                EXTI9_5_IRQHandler
                0x08000768                RTC_WKUP_IRQHandler
                0x08000768                SPI2_IRQHandler
                0x08000768                OTG_HS_EP1_IN_IRQHandler
                0x08000768                DMA1_Stream0_IRQHandler
                0x08000768                CAN1_TX_IRQHandler
                0x08000768                EXTI4_IRQHandler
                0x08000768                FSMC_IRQHandler
                0x08000768                OTG_HS_EP1_OUT_IRQHandler
                0x08000768                WWDG_IRQHandler
                0x08000768                TIM2_IRQHandler
                0x08000768                OTG_FS_WKUP_IRQHandler
                0x08000768                TIM1_TRG_COM_TIM11_IRQHandler
                0x08000768                OTG_HS_IRQHandler
                0x08000768                EXTI1_IRQHandler
                0x08000768                USART2_IRQHandler
                0x08000768                I2C2_ER_IRQHandler
                0x08000768                DMA2_Stream1_IRQHandler
                0x08000768                CAN1_SCE_IRQHandler
                0x08000768                FLASH_IRQHandler
                0x08000768                DMA2_Stream4_IRQHandler
                0x08000768                USART1_IRQHandler
                0x08000768                SPI3_IRQHandler
                0x08000768                DMA1_Stream4_IRQHandler
                0x08000768                I2C1_ER_IRQHandler
                0x08000768                DMA2_Stream6_IRQHandler
                0x08000768                DMA1_Stream3_IRQHandler
 *fill*         0x0800076a        0x2 
 .text.HAL_Init
                0x0800076c       0x44 ./Drivers/STM32F4xx_HAL_Driver/Src/stm32f4xx_hal.o
                0x0800076c                HAL_Init
 .text.HAL_InitTick
                0x080007b0       0x60 ./Drivers/STM32F4xx_HAL_Driver/Src/stm32f4xx_hal.o
                0x080007b0                HAL_InitTick
 .text.HAL_IncTick
                0x08000810       0x28 ./Drivers/STM32F4xx_HAL_Driver/Src/stm32f4xx_hal.o
                0x08000810                HAL_IncTick
 .text.HAL_GetTick
                0x08000838       0x18 ./Drivers/STM32F4xx_HAL_Driver/Src/stm32f4xx_hal.o
                0x08000838                HAL_GetTick
 .text.HAL_Delay
                0x08000850       0x48 ./Drivers/STM32F4xx_HAL_Driver/Src/stm32f4xx_hal.o
                0x08000850                HAL_Delay
 .text.__NVIC_SetPriorityGrouping
                0x08000898       0x48 ./Drivers/STM32F4xx_HAL_Driver/Src/stm32f4xx_hal_cortex.o
 .text.__NVIC_GetPriorityGrouping
                0x080008e0       0x1c ./Drivers/STM32F4xx_HAL_Driver/Src/stm32f4xx_hal_cortex.o
 .text.__NVIC_EnableIRQ
                0x080008fc       0x3c ./Drivers/STM32F4xx_HAL_Driver/Src/stm32f4xx_hal_cortex.o
 .text.__NVIC_SetPriority
                0x08000938       0x54 ./Drivers/STM32F4xx_HAL_Driver/Src/stm32f4xx_hal_cortex.o
 .text.NVIC_EncodePriority
                0x0800098c       0x66 ./Drivers/STM32F4xx_HAL_Driver/Src/stm32f4xx_hal_cortex.o
 *fill*         0x080009f2        0x2 
 .text.SysTick_Config
                0x080009f4       0x44 ./Drivers/STM32F4xx_HAL_Driver/Src/stm32f4xx_hal_cortex.o
 .text.HAL_NVIC_SetPriorityGrouping
                0x08000a38       0x16 ./Drivers/STM32F4xx_HAL_Driver/Src/stm32f4xx_hal_cortex.o
                0x08000a38                HAL_NVIC_SetPriorityGrouping
 .text.HAL_NVIC_SetPriority
                0x08000a4e       0x38 ./Drivers/STM32F4xx_HAL_Driver/Src/stm32f4xx_hal_cortex.o
                0x08000a4e                HAL_NVIC_SetPriority
 .text.HAL_NVIC_EnableIRQ
                0x08000a86       0x1c ./Drivers/STM32F4xx_HAL_Driver/Src/stm32f4xx_hal_cortex.o
                0x08000a86                HAL_NVIC_EnableIRQ
 .text.HAL_SYSTICK_Config
                0x08000aa2       0x18 ./Drivers/STM32F4xx_HAL_Driver/Src/stm32f4xx_hal_cortex.o
                0x08000aa2                HAL_SYSTICK_Config
 *fill*         0x08000aba        0x2 
 .text.HAL_GPIO_Init
                0x08000abc      0x338 ./Drivers/STM32F4xx_HAL_Driver/Src/stm32f4xx_hal_gpio.o
                0x08000abc                HAL_GPIO_Init
 .text.HAL_PCD_Init
                0x08000df4      0x21e ./Drivers/STM32F4xx_HAL_Driver/Src/stm32f4xx_hal_pcd.o
                0x08000df4                HAL_PCD_Init
 .text.HAL_PCD_Start
                0x08001012       0x6a ./Drivers/STM32F4xx_HAL_Driver/Src/stm32f4xx_hal_pcd.o
                0x08001012                HAL_PCD_Start
 .text.HAL_PCD_IRQHandler
                0x0800107c      0x942 ./Drivers/STM32F4xx_HAL_Driver/Src/stm32f4xx_hal_pcd.o
                0x0800107c                HAL_PCD_IRQHandler
 .text.HAL_PCD_SetAddress
                0x080019be       0x48 ./Drivers/STM32F4xx_HAL_Driver/Src/stm32f4xx_hal_pcd.o
                0x080019be                HAL_PCD_SetAddress
 .text.HAL_PCD_EP_Open
                0x08001a06       0xd4 ./Drivers/STM32F4xx_HAL_Driver/Src/stm32f4xx_hal_pcd.o
                0x08001a06                HAL_PCD_EP_Open
 .text.HAL_PCD_EP_Close
                0x08001ada       0x94 ./Drivers/STM32F4xx_HAL_Driver/Src/stm32f4xx_hal_pcd.o
                0x08001ada                HAL_PCD_EP_Close
 .text.HAL_PCD_EP_Receive
                0x08001b6e       0x76 ./Drivers/STM32F4xx_HAL_Driver/Src/stm32f4xx_hal_pcd.o
                0x08001b6e                HAL_PCD_EP_Receive
 .text.HAL_PCD_EP_GetRxCount
                0x08001be4       0x30 ./Drivers/STM32F4xx_HAL_Driver/Src/stm32f4xx_hal_pcd.o
                0x08001be4                HAL_PCD_EP_GetRxCount
 .text.HAL_PCD_EP_Transmit
                0x08001c14       0x74 ./Drivers/STM32F4xx_HAL_Driver/Src/stm32f4xx_hal_pcd.o
                0x08001c14                HAL_PCD_EP_Transmit
 .text.HAL_PCD_EP_SetStall
                0x08001c88       0xc6 ./Drivers/STM32F4xx_HAL_Driver/Src/stm32f4xx_hal_pcd.o
                0x08001c88                HAL_PCD_EP_SetStall
 .text.HAL_PCD_EP_ClrStall
                0x08001d4e       0xac ./Drivers/STM32F4xx_HAL_Driver/Src/stm32f4xx_hal_pcd.o
                0x08001d4e                HAL_PCD_EP_ClrStall
 .text.HAL_PCD_EP_Abort
                0x08001dfa       0x62 ./Drivers/STM32F4xx_HAL_Driver/Src/stm32f4xx_hal_pcd.o
                0x08001dfa                HAL_PCD_EP_Abort
 .text.PCD_WriteEmptyTxFifo
                0x08001e5c      0x118 ./Drivers/STM32F4xx_HAL_Driver/Src/stm32f4xx_hal_pcd.o
 .text.PCD_EP_OutXfrComplete_int
                0x08001f74      0x1d0 ./Drivers/STM32F4xx_HAL_Driver/Src/stm32f4xx_hal_pcd.o
 .text.PCD_EP_OutSetupPacket_int
                0x08002144       0x8c ./Drivers/STM32F4xx_HAL_Driver/Src/stm32f4xx_hal_pcd.o
 .text.HAL_PCDEx_SetTxFiFo
                0x080021d0       0x8e ./Drivers/STM32F4xx_HAL_Driver/Src/stm32f4xx_hal_pcd_ex.o
                0x080021d0                HAL_PCDEx_SetTxFiFo
 .text.HAL_PCDEx_SetRxFiFo
                0x0800225e       0x22 ./Drivers/STM32F4xx_HAL_Driver/Src/stm32f4xx_hal_pcd_ex.o
                0x0800225e                HAL_PCDEx_SetRxFiFo
 .text.HAL_PCDEx_LPM_Callback
                0x08002280       0x18 ./Drivers/STM32F4xx_HAL_Driver/Src/stm32f4xx_hal_pcd_ex.o
                0x08002280                HAL_PCDEx_LPM_Callback
 .text.HAL_RCC_OscConfig
                0x08002298      0x4f0 ./Drivers/STM32F4xx_HAL_Driver/Src/stm32f4xx_hal_rcc.o
                0x08002298                HAL_RCC_OscConfig
 .text.HAL_RCC_ClockConfig
                0x08002788      0x1cc ./Drivers/STM32F4xx_HAL_Driver/Src/stm32f4xx_hal_rcc.o
                0x08002788                HAL_RCC_ClockConfig
 .text.HAL_RCC_GetSysClockFreq
                0x08002954      0x20c ./Drivers/STM32F4xx_HAL_Driver/Src/stm32f4xx_hal_rcc.o
                0x08002954                HAL_RCC_GetSysClockFreq
 .text.HAL_RCC_GetHCLKFreq
                0x08002b60       0x18 ./Drivers/STM32F4xx_HAL_Driver/Src/stm32f4xx_hal_rcc.o
                0x08002b60                HAL_RCC_GetHCLKFreq
 .text.USB_CoreInit
                0x08002b78       0xc8 ./Drivers/STM32F4xx_HAL_Driver/Src/stm32f4xx_ll_usb.o
                0x08002b78                USB_CoreInit
 .text.USB_SetTurnaroundTime
                0x08002c40      0x144 ./Drivers/STM32F4xx_HAL_Driver/Src/stm32f4xx_ll_usb.o
                0x08002c40                USB_SetTurnaroundTime
 .text.USB_EnableGlobalInt
                0x08002d84       0x22 ./Drivers/STM32F4xx_HAL_Driver/Src/stm32f4xx_ll_usb.o
                0x08002d84                USB_EnableGlobalInt
 .text.USB_DisableGlobalInt
                0x08002da6       0x22 ./Drivers/STM32F4xx_HAL_Driver/Src/stm32f4xx_ll_usb.o
                0x08002da6                USB_DisableGlobalInt
 .text.USB_SetCurrentMode
                0x08002dc8       0x98 ./Drivers/STM32F4xx_HAL_Driver/Src/stm32f4xx_ll_usb.o
                0x08002dc8                USB_SetCurrentMode
 .text.USB_DevInit
                0x08002e60      0x2c8 ./Drivers/STM32F4xx_HAL_Driver/Src/stm32f4xx_ll_usb.o
                0x08002e60                USB_DevInit
 .text.USB_FlushTxFifo
                0x08003128       0x64 ./Drivers/STM32F4xx_HAL_Driver/Src/stm32f4xx_ll_usb.o
                0x08003128                USB_FlushTxFifo
 .text.USB_FlushRxFifo
                0x0800318c       0x5c ./Drivers/STM32F4xx_HAL_Driver/Src/stm32f4xx_ll_usb.o
                0x0800318c                USB_FlushRxFifo
 .text.USB_SetDevSpeed
                0x080031e8       0x32 ./Drivers/STM32F4xx_HAL_Driver/Src/stm32f4xx_ll_usb.o
                0x080031e8                USB_SetDevSpeed
 .text.USB_GetDevSpeed
                0x0800321a       0x4a ./Drivers/STM32F4xx_HAL_Driver/Src/stm32f4xx_ll_usb.o
                0x0800321a                USB_GetDevSpeed
 .text.USB_ActivateEndpoint
                0x08003264      0x10e ./Drivers/STM32F4xx_HAL_Driver/Src/stm32f4xx_ll_usb.o
                0x08003264                USB_ActivateEndpoint
 *fill*         0x08003372        0x2 
 .text.USB_DeactivateEndpoint
                0x08003374      0x1b8 ./Drivers/STM32F4xx_HAL_Driver/Src/stm32f4xx_ll_usb.o
                0x08003374                USB_DeactivateEndpoint
 .text.USB_EPStartXfer
                0x0800352c      0x53c ./Drivers/STM32F4xx_HAL_Driver/Src/stm32f4xx_ll_usb.o
                0x0800352c                USB_EPStartXfer
 .text.USB_EPStopXfer
                0x08003a68      0x154 ./Drivers/STM32F4xx_HAL_Driver/Src/stm32f4xx_ll_usb.o
                0x08003a68                USB_EPStopXfer
 .text.USB_WritePacket
                0x08003bbc       0x7c ./Drivers/STM32F4xx_HAL_Driver/Src/stm32f4xx_ll_usb.o
                0x08003bbc                USB_WritePacket
 .text.USB_ReadPacket
                0x08003c38       0xb0 ./Drivers/STM32F4xx_HAL_Driver/Src/stm32f4xx_ll_usb.o
                0x08003c38                USB_ReadPacket
 .text.USB_EPSetStall
                0x08003ce8       0xdc ./Drivers/STM32F4xx_HAL_Driver/Src/stm32f4xx_ll_usb.o
                0x08003ce8                USB_EPSetStall
 .text.USB_EPClearStall
                0x08003dc4       0xcc ./Drivers/STM32F4xx_HAL_Driver/Src/stm32f4xx_ll_usb.o
                0x08003dc4                USB_EPClearStall
 .text.USB_SetDevAddress
                0x08003e90       0x4c ./Drivers/STM32F4xx_HAL_Driver/Src/stm32f4xx_ll_usb.o
                0x08003e90                USB_SetDevAddress
 .text.USB_DevConnect
                0x08003edc       0x42 ./Drivers/STM32F4xx_HAL_Driver/Src/stm32f4xx_ll_usb.o
                0x08003edc                USB_DevConnect
 .text.USB_DevDisconnect
                0x08003f1e       0x42 ./Drivers/STM32F4xx_HAL_Driver/Src/stm32f4xx_ll_usb.o
                0x08003f1e                USB_DevDisconnect
 .text.USB_ReadInterrupts
                0x08003f60       0x26 ./Drivers/STM32F4xx_HAL_Driver/Src/stm32f4xx_ll_usb.o
                0x08003f60                USB_ReadInterrupts
 .text.USB_ReadDevAllOutEpInterrupt
                0x08003f86       0x34 ./Drivers/STM32F4xx_HAL_Driver/Src/stm32f4xx_ll_usb.o
                0x08003f86                USB_ReadDevAllOutEpInterrupt
 .text.USB_ReadDevAllInEpInterrupt
                0x08003fba       0x34 ./Drivers/STM32F4xx_HAL_Driver/Src/stm32f4xx_ll_usb.o
                0x08003fba                USB_ReadDevAllInEpInterrupt
 .text.USB_ReadDevOutEPInterrupt
                0x08003fee       0x3c ./Drivers/STM32F4xx_HAL_Driver/Src/stm32f4xx_ll_usb.o
                0x08003fee                USB_ReadDevOutEPInterrupt
 .text.USB_ReadDevInEPInterrupt
                0x0800402a       0x5c ./Drivers/STM32F4xx_HAL_Driver/Src/stm32f4xx_ll_usb.o
                0x0800402a                USB_ReadDevInEPInterrupt
 .text.USB_GetMode
                0x08004086       0x1c ./Drivers/STM32F4xx_HAL_Driver/Src/stm32f4xx_ll_usb.o
                0x08004086                USB_GetMode
 .text.USB_ActivateSetup
                0x080040a2       0x46 ./Drivers/STM32F4xx_HAL_Driver/Src/stm32f4xx_ll_usb.o
                0x080040a2                USB_ActivateSetup
 .text.USB_EP0_OutStart
                0x080040e8       0xbc ./Drivers/STM32F4xx_HAL_Driver/Src/stm32f4xx_ll_usb.o
                0x080040e8                USB_EP0_OutStart
 .text.USB_CoreReset
                0x080041a4       0x62 ./Drivers/STM32F4xx_HAL_Driver/Src/stm32f4xx_ll_usb.o
 *fill*         0x08004206        0x2 
 .text.USBD_CDC_Init
                0x08004208      0x1f0 ./Middlewares/ST/STM32_USB_Device_Library/Class/CDC/Src/usbd_cdc.o
 .text.USBD_CDC_DeInit
                0x080043f8      0x104 ./Middlewares/ST/STM32_USB_Device_Library/Class/CDC/Src/usbd_cdc.o
 .text.USBD_CDC_Setup
                0x080044fc      0x1b8 ./Middlewares/ST/STM32_USB_Device_Library/Class/CDC/Src/usbd_cdc.o
 .text.USBD_CDC_DataIn
                0x080046b4       0xfe ./Middlewares/ST/STM32_USB_Device_Library/Class/CDC/Src/usbd_cdc.o
 .text.USBD_CDC_DataOut
                0x080047b2       0x70 ./Middlewares/ST/STM32_USB_Device_Library/Class/CDC/Src/usbd_cdc.o
 .text.USBD_CDC_EP0_RxReady
                0x08004822       0x74 ./Middlewares/ST/STM32_USB_Device_Library/Class/CDC/Src/usbd_cdc.o
 *fill*         0x08004896        0x2 
 .text.USBD_CDC_GetFSCfgDesc
                0x08004898       0x70 ./Middlewares/ST/STM32_USB_Device_Library/Class/CDC/Src/usbd_cdc.o
 .text.USBD_CDC_GetHSCfgDesc
                0x08004908       0x70 ./Middlewares/ST/STM32_USB_Device_Library/Class/CDC/Src/usbd_cdc.o
 .text.USBD_CDC_GetOtherSpeedCfgDesc
                0x08004978       0x70 ./Middlewares/ST/STM32_USB_Device_Library/Class/CDC/Src/usbd_cdc.o
 .text.USBD_CDC_GetDeviceQualifierDescriptor
                0x080049e8       0x20 ./Middlewares/ST/STM32_USB_Device_Library/Class/CDC/Src/usbd_cdc.o
                0x080049e8                USBD_CDC_GetDeviceQualifierDescriptor
 .text.USBD_CDC_RegisterInterface
                0x08004a08       0x34 ./Middlewares/ST/STM32_USB_Device_Library/Class/CDC/Src/usbd_cdc.o
                0x08004a08                USBD_CDC_RegisterInterface
 .text.USBD_CDC_SetTxBuffer
                0x08004a3c       0x44 ./Middlewares/ST/STM32_USB_Device_Library/Class/CDC/Src/usbd_cdc.o
                0x08004a3c                USBD_CDC_SetTxBuffer
 .text.USBD_CDC_SetRxBuffer
                0x08004a80       0x3a ./Middlewares/ST/STM32_USB_Device_Library/Class/CDC/Src/usbd_cdc.o
                0x08004a80                USBD_CDC_SetRxBuffer
 *fill*         0x08004aba        0x2 
 .text.USBD_CDC_TransmitPacket
                0x08004abc       0x80 ./Middlewares/ST/STM32_USB_Device_Library/Class/CDC/Src/usbd_cdc.o
                0x08004abc                USBD_CDC_TransmitPacket
 .text.USBD_CDC_ReceivePacket
                0x08004b3c       0x6c ./Middlewares/ST/STM32_USB_Device_Library/Class/CDC/Src/usbd_cdc.o
                0x08004b3c                USBD_CDC_ReceivePacket
 .text.USBD_Init
                0x08004ba8       0x60 ./Middlewares/ST/STM32_USB_Device_Library/Core/Src/usbd_core.o
                0x08004ba8                USBD_Init
 .text.USBD_RegisterClass
                0x08004c08       0x6c ./Middlewares/ST/STM32_USB_Device_Library/Core/Src/usbd_core.o
                0x08004c08                USBD_RegisterClass
 .text.USBD_Start
                0x08004c74       0x18 ./Middlewares/ST/STM32_USB_Device_Library/Core/Src/usbd_core.o
                0x08004c74                USBD_Start
 .text.USBD_RunTestMode
                0x08004c8c       0x16 ./Middlewares/ST/STM32_USB_Device_Library/Core/Src/usbd_core.o
                0x08004c8c                USBD_RunTestMode
 .text.USBD_SetClassConfig
                0x08004ca2       0x38 ./Middlewares/ST/STM32_USB_Device_Library/Core/Src/usbd_core.o
                0x08004ca2                USBD_SetClassConfig
 .text.USBD_ClrClassConfig
                0x08004cda       0x34 ./Middlewares/ST/STM32_USB_Device_Library/Core/Src/usbd_core.o
                0x08004cda                USBD_ClrClassConfig
 .text.USBD_LL_SetupStage
                0x08004d0e       0xaa ./Middlewares/ST/STM32_USB_Device_Library/Core/Src/usbd_core.o
                0x08004d0e                USBD_LL_SetupStage
 .text.USBD_LL_DataOutStage
                0x08004db8      0x166 ./Middlewares/ST/STM32_USB_Device_Library/Core/Src/usbd_core.o
                0x08004db8                USBD_LL_DataOutStage
 .text.USBD_LL_DataInStage
                0x08004f1e      0x164 ./Middlewares/ST/STM32_USB_Device_Library/Core/Src/usbd_core.o
                0x08004f1e                USBD_LL_DataInStage
 .text.USBD_LL_Reset
                0x08005082       0xa4 ./Middlewares/ST/STM32_USB_Device_Library/Core/Src/usbd_core.o
                0x08005082                USBD_LL_Reset
 .text.USBD_LL_SetSpeed
                0x08005126       0x20 ./Middlewares/ST/STM32_USB_Device_Library/Core/Src/usbd_core.o
                0x08005126                USBD_LL_SetSpeed
 .text.USBD_LL_Suspend
                0x08005146       0x38 ./Middlewares/ST/STM32_USB_Device_Library/Core/Src/usbd_core.o
                0x08005146                USBD_LL_Suspend
 .text.USBD_LL_Resume
                0x0800517e       0x30 ./Middlewares/ST/STM32_USB_Device_Library/Core/Src/usbd_core.o
                0x0800517e                USBD_LL_Resume
 .text.USBD_LL_SOF
                0x080051ae       0x40 ./Middlewares/ST/STM32_USB_Device_Library/Core/Src/usbd_core.o
                0x080051ae                USBD_LL_SOF
 .text.USBD_LL_IsoINIncomplete
                0x080051ee       0x64 ./Middlewares/ST/STM32_USB_Device_Library/Core/Src/usbd_core.o
                0x080051ee                USBD_LL_IsoINIncomplete
 .text.USBD_LL_IsoOUTIncomplete
                0x08005252       0x64 ./Middlewares/ST/STM32_USB_Device_Library/Core/Src/usbd_core.o
                0x08005252                USBD_LL_IsoOUTIncomplete
 .text.USBD_LL_DevConnected
                0x080052b6       0x16 ./Middlewares/ST/STM32_USB_Device_Library/Core/Src/usbd_core.o
                0x080052b6                USBD_LL_DevConnected
 .text.USBD_LL_DevDisconnected
                0x080052cc       0x46 ./Middlewares/ST/STM32_USB_Device_Library/Core/Src/usbd_core.o
                0x080052cc                USBD_LL_DevDisconnected
 .text.USBD_CoreFindIF
                0x08005312       0x1a ./Middlewares/ST/STM32_USB_Device_Library/Core/Src/usbd_core.o
                0x08005312                USBD_CoreFindIF
 .text.USBD_CoreFindEP
                0x0800532c       0x1a ./Middlewares/ST/STM32_USB_Device_Library/Core/Src/usbd_core.o
                0x0800532c                USBD_CoreFindEP
 .text.USBD_GetEpDesc
                0x08005346       0x70 ./Middlewares/ST/STM32_USB_Device_Library/Core/Src/usbd_core.o
                0x08005346                USBD_GetEpDesc
 .text.USBD_GetNextDesc
                0x080053b6       0x38 ./Middlewares/ST/STM32_USB_Device_Library/Core/Src/usbd_core.o
                0x080053b6                USBD_GetNextDesc
 .text.SWAPBYTE
                0x080053ee       0x3c ./Middlewares/ST/STM32_USB_Device_Library/Core/Src/usbd_ctlreq.o
 *fill*         0x0800542a        0x2 
 .text.USBD_StdDevReq
                0x0800542c       0xe4 ./Middlewares/ST/STM32_USB_Device_Library/Core/Src/usbd_ctlreq.o
                0x0800542c                USBD_StdDevReq
 .text.USBD_StdItfReq
                0x08005510       0xd8 ./Middlewares/ST/STM32_USB_Device_Library/Core/Src/usbd_ctlreq.o
                0x08005510                USBD_StdItfReq
 .text.USBD_StdEPReq
                0x080055e8      0x33a ./Middlewares/ST/STM32_USB_Device_Library/Core/Src/usbd_ctlreq.o
                0x080055e8                USBD_StdEPReq
 *fill*         0x08005922        0x2 
 .text.USBD_GetDescriptor
                0x08005924      0x2d4 ./Middlewares/ST/STM32_USB_Device_Library/Core/Src/usbd_ctlreq.o
 .text.USBD_SetAddress
                0x08005bf8       0x88 ./Middlewares/ST/STM32_USB_Device_Library/Core/Src/usbd_ctlreq.o
 .text.USBD_SetConfig
                0x08005c80      0x154 ./Middlewares/ST/STM32_USB_Device_Library/Core/Src/usbd_ctlreq.o
 .text.USBD_GetConfig
                0x08005dd4       0x6c ./Middlewares/ST/STM32_USB_Device_Library/Core/Src/usbd_ctlreq.o
 .text.USBD_GetStatus
                0x08005e40       0x68 ./Middlewares/ST/STM32_USB_Device_Library/Core/Src/usbd_ctlreq.o
 .text.USBD_SetFeature
                0x08005ea8       0x52 ./Middlewares/ST/STM32_USB_Device_Library/Core/Src/usbd_ctlreq.o
 .text.USBD_ClrFeature
                0x08005efa       0x44 ./Middlewares/ST/STM32_USB_Device_Library/Core/Src/usbd_ctlreq.o
 .text.USBD_ParseSetupRequest
                0x08005f3e       0x74 ./Middlewares/ST/STM32_USB_Device_Library/Core/Src/usbd_ctlreq.o
                0x08005f3e                USBD_ParseSetupRequest
 .text.USBD_CtlError
                0x08005fb2       0x22 ./Middlewares/ST/STM32_USB_Device_Library/Core/Src/usbd_ctlreq.o
                0x08005fb2                USBD_CtlError
 .text.USBD_GetString
                0x08005fd4       0xa4 ./Middlewares/ST/STM32_USB_Device_Library/Core/Src/usbd_ctlreq.o
                0x08005fd4                USBD_GetString
 .text.USBD_GetLen
                0x08006078       0x34 ./Middlewares/ST/STM32_USB_Device_Library/Core/Src/usbd_ctlreq.o
 .text.USBD_CtlSendData
                0x080060ac       0x36 ./Middlewares/ST/STM32_USB_Device_Library/Core/Src/usbd_ioreq.o
                0x080060ac                USBD_CtlSendData
 .text.USBD_CtlContinueSendData
                0x080060e2       0x22 ./Middlewares/ST/STM32_USB_Device_Library/Core/Src/usbd_ioreq.o
                0x080060e2                USBD_CtlContinueSendData
 .text.USBD_CtlPrepareRx
                0x08006104       0x3a ./Middlewares/ST/STM32_USB_Device_Library/Core/Src/usbd_ioreq.o
                0x08006104                USBD_CtlPrepareRx
 .text.USBD_CtlContinueRx
                0x0800613e       0x22 ./Middlewares/ST/STM32_USB_Device_Library/Core/Src/usbd_ioreq.o
                0x0800613e                USBD_CtlContinueRx
 .text.USBD_CtlSendStatus
                0x08006160       0x26 ./Middlewares/ST/STM32_USB_Device_Library/Core/Src/usbd_ioreq.o
                0x08006160                USBD_CtlSendStatus
 .text.USBD_CtlReceiveStatus
                0x08006186       0x26 ./Middlewares/ST/STM32_USB_Device_Library/Core/Src/usbd_ioreq.o
                0x08006186                USBD_CtlReceiveStatus
 .text.MX_USB_DEVICE_Init
                0x080061ac       0x60 ./USB_DEVICE/App/usb_device.o
                0x080061ac                MX_USB_DEVICE_Init
 .text.CDC_Init_FS
                0x0800620c       0x28 ./USB_DEVICE/App/usbd_cdc_if.o
 .text.CDC_DeInit_FS
                0x08006234       0x10 ./USB_DEVICE/App/usbd_cdc_if.o
 .text.CDC_Control_FS
                0x08006244       0xbc ./USB_DEVICE/App/usbd_cdc_if.o
 .text.CDC_Receive_FS
                0x08006300       0x28 ./USB_DEVICE/App/usbd_cdc_if.o
 .text.CDC_Transmit_FS
                0x08006328       0x4c ./USB_DEVICE/App/usbd_cdc_if.o
                0x08006328                CDC_Transmit_FS
 .text.CDC_TransmitCplt_FS
                0x08006374       0x22 ./USB_DEVICE/App/usbd_cdc_if.o
 *fill*         0x08006396        0x2 
 .text.USBD_FS_DeviceDescriptor
                0x08006398       0x24 ./USB_DEVICE/App/usbd_desc.o
                0x08006398                USBD_FS_DeviceDescriptor
 .text.USBD_FS_LangIDStrDescriptor
                0x080063bc       0x24 ./USB_DEVICE/App/usbd_desc.o
                0x080063bc                USBD_FS_LangIDStrDescriptor
 .text.USBD_FS_ProductStrDescriptor
                0x080063e0       0x3c ./USB_DEVICE/App/usbd_desc.o
                0x080063e0                USBD_FS_ProductStrDescriptor
 .text.USBD_FS_ManufacturerStrDescriptor
                0x0800641c       0x28 ./USB_DEVICE/App/usbd_desc.o
                0x0800641c                USBD_FS_ManufacturerStrDescriptor
 .text.USBD_FS_SerialStrDescriptor
                0x08006444       0x24 ./USB_DEVICE/App/usbd_desc.o
                0x08006444                USBD_FS_SerialStrDescriptor
 .text.USBD_FS_ConfigStrDescriptor
                0x08006468       0x3c ./USB_DEVICE/App/usbd_desc.o
                0x08006468                USBD_FS_ConfigStrDescriptor
 .text.USBD_FS_InterfaceStrDescriptor
                0x080064a4       0x3c ./USB_DEVICE/App/usbd_desc.o
                0x080064a4                USBD_FS_InterfaceStrDescriptor
 .text.Get_SerialNum
                0x080064e0       0x58 ./USB_DEVICE/App/usbd_desc.o
 .text.IntToUnicode
                0x08006538       0x7e ./USB_DEVICE/App/usbd_desc.o
 *fill*         0x080065b6        0x2 
 .text.HAL_PCD_MspInit
                0x080065b8       0xa8 ./USB_DEVICE/Target/usbd_conf.o
                0x080065b8                HAL_PCD_MspInit
 .text.HAL_PCD_SetupStageCallback
                0x08006660       0x24 ./USB_DEVICE/Target/usbd_conf.o
                0x08006660                HAL_PCD_SetupStageCallback
 .text.HAL_PCD_DataOutStageCallback
                0x08006684       0x36 ./USB_DEVICE/Target/usbd_conf.o
                0x08006684                HAL_PCD_DataOutStageCallback
 .text.HAL_PCD_DataInStageCallback
                0x080066ba       0x34 ./USB_DEVICE/Target/usbd_conf.o
                0x080066ba                HAL_PCD_DataInStageCallback
 .text.HAL_PCD_SOFCallback
                0x080066ee       0x1c ./USB_DEVICE/Target/usbd_conf.o
                0x080066ee                HAL_PCD_SOFCallback
 .text.HAL_PCD_ResetCallback
                0x0800670a       0x50 ./USB_DEVICE/Target/usbd_conf.o
                0x0800670a                HAL_PCD_ResetCallback
 *fill*         0x0800675a        0x2 
 .text.HAL_PCD_SuspendCallback
                0x0800675c       0x4c ./USB_DEVICE/Target/usbd_conf.o
                0x0800675c                HAL_PCD_SuspendCallback
 .text.HAL_PCD_ResumeCallback
                0x080067a8       0x1c ./USB_DEVICE/Target/usbd_conf.o
                0x080067a8                HAL_PCD_ResumeCallback
 .text.HAL_PCD_ISOOUTIncompleteCallback
                0x080067c4       0x24 ./USB_DEVICE/Target/usbd_conf.o
                0x080067c4                HAL_PCD_ISOOUTIncompleteCallback
 .text.HAL_PCD_ISOINIncompleteCallback
                0x080067e8       0x24 ./USB_DEVICE/Target/usbd_conf.o
                0x080067e8                HAL_PCD_ISOINIncompleteCallback
 .text.HAL_PCD_ConnectCallback
                0x0800680c       0x1c ./USB_DEVICE/Target/usbd_conf.o
                0x0800680c                HAL_PCD_ConnectCallback
 .text.HAL_PCD_DisconnectCallback
                0x08006828       0x1c ./USB_DEVICE/Target/usbd_conf.o
                0x08006828                HAL_PCD_DisconnectCallback
 .text.USBD_LL_Init
                0x08006844       0x98 ./USB_DEVICE/Target/usbd_conf.o
                0x08006844                USBD_LL_Init
 .text.USBD_LL_Start
                0x080068dc       0x36 ./USB_DEVICE/Target/usbd_conf.o
                0x080068dc                USBD_LL_Start
 .text.USBD_LL_OpenEP
                0x08006912       0x4c ./USB_DEVICE/Target/usbd_conf.o
                0x08006912                USBD_LL_OpenEP
 .text.USBD_LL_CloseEP
                0x0800695e       0x3e ./USB_DEVICE/Target/usbd_conf.o
                0x0800695e                USBD_LL_CloseEP
 .text.USBD_LL_StallEP
                0x0800699c       0x3e ./USB_DEVICE/Target/usbd_conf.o
                0x0800699c                USBD_LL_StallEP
 .text.USBD_LL_ClearStallEP
                0x080069da       0x3e ./USB_DEVICE/Target/usbd_conf.o
                0x080069da                USBD_LL_ClearStallEP
 .text.USBD_LL_IsStallEP
                0x08006a18       0x58 ./USB_DEVICE/Target/usbd_conf.o
                0x08006a18                USBD_LL_IsStallEP
 .text.USBD_LL_SetUSBAddress
                0x08006a70       0x3e ./USB_DEVICE/Target/usbd_conf.o
                0x08006a70                USBD_LL_SetUSBAddress
 .text.USBD_LL_Transmit
                0x08006aae       0x42 ./USB_DEVICE/Target/usbd_conf.o
                0x08006aae                USBD_LL_Transmit
 .text.USBD_LL_PrepareReceive
                0x08006af0       0x42 ./USB_DEVICE/Target/usbd_conf.o
                0x08006af0                USBD_LL_PrepareReceive
 .text.USBD_LL_GetRxDataSize
                0x08006b32       0x26 ./USB_DEVICE/Target/usbd_conf.o
                0x08006b32                USBD_LL_GetRxDataSize
 .text.USBD_static_malloc
                0x08006b58       0x1c ./USB_DEVICE/Target/usbd_conf.o
                0x08006b58                USBD_static_malloc
 .text.USBD_static_free
                0x08006b74       0x14 ./USB_DEVICE/Target/usbd_conf.o
                0x08006b74                USBD_static_free
 .text.USBD_Get_USB_Status
                0x08006b88       0x58 ./USB_DEVICE/Target/usbd_conf.o
                0x08006b88                USBD_Get_USB_Status
 .text.memset   0x08006be0       0x10 /home/francois/st/stm32cubeide_1.16.1/plugins/com.st.stm32cube.ide.mcu.externaltools.gnu-tools-for-stm32.12.3.rel1.linux64_1.0.200.202406132123/tools/bin/../lib/gcc/arm-none-eabi/12.3.1/../../../../arm-none-eabi/lib/thumb/v7e-m+fp/hard/libc_nano.a(libc_a-memset.o)
                0x08006be0                memset
 .text.__libc_init_array
                0x08006bf0       0x48 /home/francois/st/stm32cubeide_1.16.1/plugins/com.st.stm32cube.ide.mcu.externaltools.gnu-tools-for-stm32.12.3.rel1.linux64_1.0.200.202406132123/tools/bin/../lib/gcc/arm-none-eabi/12.3.1/../../../../arm-none-eabi/lib/thumb/v7e-m+fp/hard/libc_nano.a(libc_a-init.o)
                0x08006bf0                __libc_init_array
 *(.glue_7)
 .glue_7        0x08006c38        0x0 linker stubs
 *(.glue_7t)
 .glue_7t       0x08006c38        0x0 linker stubs
 *(.eh_frame)
 .eh_frame      0x08006c38        0x0 /home/francois/st/stm32cubeide_1.16.1/plugins/com.st.stm32cube.ide.mcu.externaltools.gnu-tools-for-stm32.12.3.rel1.linux64_1.0.200.202406132123/tools/bin/../lib/gcc/arm-none-eabi/12.3.1/thumb/v7e-m+fp/hard/crtbegin.o
 *(.init)
 .init          0x08006c38        0x4 /home/francois/st/stm32cubeide_1.16.1/plugins/com.st.stm32cube.ide.mcu.externaltools.gnu-tools-for-stm32.12.3.rel1.linux64_1.0.200.202406132123/tools/bin/../lib/gcc/arm-none-eabi/12.3.1/thumb/v7e-m+fp/hard/crti.o
                0x08006c38                _init
 .init          0x08006c3c        0x8 /home/francois/st/stm32cubeide_1.16.1/plugins/com.st.stm32cube.ide.mcu.externaltools.gnu-tools-for-stm32.12.3.rel1.linux64_1.0.200.202406132123/tools/bin/../lib/gcc/arm-none-eabi/12.3.1/thumb/v7e-m+fp/hard/crtn.o
 *(.fini)
 .fini          0x08006c44        0x4 /home/francois/st/stm32cubeide_1.16.1/plugins/com.st.stm32cube.ide.mcu.externaltools.gnu-tools-for-stm32.12.3.rel1.linux64_1.0.200.202406132123/tools/bin/../lib/gcc/arm-none-eabi/12.3.1/thumb/v7e-m+fp/hard/crti.o
                0x08006c44                _fini
 .fini          0x08006c48        0x8 /home/francois/st/stm32cubeide_1.16.1/plugins/com.st.stm32cube.ide.mcu.externaltools.gnu-tools-for-stm32.12.3.rel1.linux64_1.0.200.202406132123/tools/bin/../lib/gcc/arm-none-eabi/12.3.1/thumb/v7e-m+fp/hard/crtn.o
                0x08006c50                        . = ALIGN (0x4)
                0x08006c50                        _etext = .

.vfp11_veneer   0x08006c50        0x0
 .vfp11_veneer  0x08006c50        0x0 linker stubs

.v4_bx          0x08006c50        0x0
 .v4_bx         0x08006c50        0x0 linker stubs

.iplt           0x08006c50        0x0
 .iplt          0x08006c50        0x0 /home/francois/st/stm32cubeide_1.16.1/plugins/com.st.stm32cube.ide.mcu.externaltools.gnu-tools-for-stm32.12.3.rel1.linux64_1.0.200.202406132123/tools/bin/../lib/gcc/arm-none-eabi/12.3.1/thumb/v7e-m+fp/hard/crtbegin.o

.rodata         0x08006c50       0x58
                0x08006c50                        . = ALIGN (0x4)
 *(.rodata)
 .rodata        0x08006c50       0x46 ./USB_DEVICE/App/usbd_desc.o
 *(.rodata*)
 *fill*         0x08006c96        0x2 
 .rodata.AHBPrescTable
                0x08006c98       0x10 ./Core/Src/system_stm32f4xx.o
                0x08006c98                AHBPrescTable
                0x08006ca8                        . = ALIGN (0x4)

.ARM.extab      0x08006ca8        0x0
                0x08006ca8                        . = ALIGN (0x4)
 *(.ARM.extab* .gnu.linkonce.armextab.*)
                0x08006ca8                        . = ALIGN (0x4)

.ARM            0x08006ca8        0x8
                0x08006ca8                        . = ALIGN (0x4)
                0x08006ca8                        __exidx_start = .
 *(.ARM.exidx*)
 .ARM.exidx     0x08006ca8        0x8 /home/francois/st/stm32cubeide_1.16.1/plugins/com.st.stm32cube.ide.mcu.externaltools.gnu-tools-for-stm32.12.3.rel1.linux64_1.0.200.202406132123/tools/bin/../lib/gcc/arm-none-eabi/12.3.1/thumb/v7e-m+fp/hard/libgcc.a(_udivmoddi4.o)
                0x08006cb0                        __exidx_end = .
                0x08006cb0                        . = ALIGN (0x4)

.preinit_array  0x08006cb0        0x0
                0x08006cb0                        . = ALIGN (0x4)
                0x08006cb0                        PROVIDE (__preinit_array_start = .)
 *(.preinit_array*)
                0x08006cb0                        PROVIDE (__preinit_array_end = .)
                0x08006cb0                        . = ALIGN (0x4)

.init_array     0x08006cb0        0x4
                0x08006cb0                        . = ALIGN (0x4)
                0x08006cb0                        PROVIDE (__init_array_start = .)
 *(SORT_BY_NAME(.init_array.*))
 *(.init_array*)
 .init_array    0x08006cb0        0x4 /home/francois/st/stm32cubeide_1.16.1/plugins/com.st.stm32cube.ide.mcu.externaltools.gnu-tools-for-stm32.12.3.rel1.linux64_1.0.200.202406132123/tools/bin/../lib/gcc/arm-none-eabi/12.3.1/thumb/v7e-m+fp/hard/crtbegin.o
                0x08006cb4                        PROVIDE (__init_array_end = .)
                0x08006cb4                        . = ALIGN (0x4)

.fini_array     0x08006cb4        0x4
                0x08006cb4                        . = ALIGN (0x4)
                [!provide]                        PROVIDE (__fini_array_start = .)
 *(SORT_BY_NAME(.fini_array.*))
 *(.fini_array*)
 .fini_array    0x08006cb4        0x4 /home/francois/st/stm32cubeide_1.16.1/plugins/com.st.stm32cube.ide.mcu.externaltools.gnu-tools-for-stm32.12.3.rel1.linux64_1.0.200.202406132123/tools/bin/../lib/gcc/arm-none-eabi/12.3.1/thumb/v7e-m+fp/hard/crtbegin.o
                [!provide]                        PROVIDE (__fini_array_end = .)
                0x08006cb8                        . = ALIGN (0x4)
                0x08006cb8                        _sidata = LOADADDR (.data)

.rel.dyn        0x08006cb8        0x0
 .rel.iplt      0x08006cb8        0x0 /home/francois/st/stm32cubeide_1.16.1/plugins/com.st.stm32cube.ide.mcu.externaltools.gnu-tools-for-stm32.12.3.rel1.linux64_1.0.200.202406132123/tools/bin/../lib/gcc/arm-none-eabi/12.3.1/thumb/v7e-m+fp/hard/crtbegin.o

.data           0x20000000      0x100 load address 0x08006cb8
                0x20000000                        . = ALIGN (0x4)
                0x20000000                        _sdata = .
 *(.data)
 *(.data*)
 .data.buf      0x20000000        0x4 ./Core/Src/main.o
                0x20000000                buf
 .data.SystemCoreClock
                0x20000004        0x4 ./Core/Src/system_stm32f4xx.o
                0x20000004                SystemCoreClock
 .data.uwTickPrio
                0x20000008        0x4 ./Drivers/STM32F4xx_HAL_Driver/Src/stm32f4xx_hal.o
                0x20000008                uwTickPrio
 .data.uwTickFreq
                0x2000000c        0x1 ./Drivers/STM32F4xx_HAL_Driver/Src/stm32f4xx_hal.o
                0x2000000c                uwTickFreq
 *fill*         0x2000000d        0x3 
 .data.USBD_CDC_DeviceQualifierDesc
                0x20000010        0xa ./Middlewares/ST/STM32_USB_Device_Library/Class/CDC/Src/usbd_cdc.o
 *fill*         0x2000001a        0x2 
 .data.USBD_CDC
                0x2000001c       0x38 ./Middlewares/ST/STM32_USB_Device_Library/Class/CDC/Src/usbd_cdc.o
                0x2000001c                USBD_CDC
 .data.USBD_CDC_CfgDesc
                0x20000054       0x43 ./Middlewares/ST/STM32_USB_Device_Library/Class/CDC/Src/usbd_cdc.o
 .data.CDCInEpAdd
                0x20000097        0x1 ./Middlewares/ST/STM32_USB_Device_Library/Class/CDC/Src/usbd_cdc.o
 .data.CDCOutEpAdd
                0x20000098        0x1 ./Middlewares/ST/STM32_USB_Device_Library/Class/CDC/Src/usbd_cdc.o
 .data.CDCCmdEpAdd
                0x20000099        0x1 ./Middlewares/ST/STM32_USB_Device_Library/Class/CDC/Src/usbd_cdc.o
 *fill*         0x2000009a        0x2 
 .data.USBD_Interface_fops_FS
                0x2000009c       0x14 ./USB_DEVICE/App/usbd_cdc_if.o
                0x2000009c                USBD_Interface_fops_FS
 .data.FS_Desc  0x200000b0       0x1c ./USB_DEVICE/App/usbd_desc.o
                0x200000b0                FS_Desc
 .data.USBD_FS_DeviceDesc
                0x200000cc       0x12 ./USB_DEVICE/App/usbd_desc.o
                0x200000cc                USBD_FS_DeviceDesc
 *fill*         0x200000de        0x2 
 .data.USBD_LangIDDesc
                0x200000e0        0x4 ./USB_DEVICE/App/usbd_desc.o
                0x200000e0                USBD_LangIDDesc
 .data.USBD_StringSerial
                0x200000e4       0x1a ./USB_DEVICE/App/usbd_desc.o
                0x200000e4                USBD_StringSerial
 *(.RamFunc)
 *(.RamFunc*)
                0x20000100                        . = ALIGN (0x4)
 *fill*         0x200000fe        0x2 
                0x20000100                        _edata = .
                0x08006db8                        _siccmram = LOADADDR (.ccmram)

.igot.plt       0x20000100        0x0 load address 0x08006db8
 .igot.plt      0x20000100        0x0 /home/francois/st/stm32cubeide_1.16.1/plugins/com.st.stm32cube.ide.mcu.externaltools.gnu-tools-for-stm32.12.3.rel1.linux64_1.0.200.202406132123/tools/bin/../lib/gcc/arm-none-eabi/12.3.1/thumb/v7e-m+fp/hard/crtbegin.o

.ccmram         0x10000000        0x0 load address 0x08006db8
                0x10000000                        . = ALIGN (0x4)
                0x10000000                        _sccmram = .
 *(.ccmram)
 *(.ccmram*)
                0x10000000                        . = ALIGN (0x4)
                0x10000000                        _eccmram = .
                0x10000000                        . = ALIGN (0x4)

.bss            0x20000100     0x1c04
                0x20000100                        _sbss = .
                0x20000100                        __bss_start__ = _sbss
 *(.bss)
 .bss           0x20000100       0x1c /home/francois/st/stm32cubeide_1.16.1/plugins/com.st.stm32cube.ide.mcu.externaltools.gnu-tools-for-stm32.12.3.rel1.linux64_1.0.200.202406132123/tools/bin/../lib/gcc/arm-none-eabi/12.3.1/thumb/v7e-m+fp/hard/crtbegin.o
 *(.bss*)
 .bss.uwTick    0x2000011c        0x4 ./Drivers/STM32F4xx_HAL_Driver/Src/stm32f4xx_hal.o
                0x2000011c                uwTick
 .bss.cfgidx.0  0x20000120        0x1 ./Middlewares/ST/STM32_USB_Device_Library/Core/Src/usbd_ctlreq.o
 *fill*         0x20000121        0x3 
 .bss.hUsbDeviceFS
                0x20000124      0x2dc ./USB_DEVICE/App/usb_device.o
                0x20000124                hUsbDeviceFS
 .bss.UserRxBufferFS
                0x20000400      0x800 ./USB_DEVICE/App/usbd_cdc_if.o
                0x20000400                UserRxBufferFS
 .bss.UserTxBufferFS
                0x20000c00      0x800 ./USB_DEVICE/App/usbd_cdc_if.o
                0x20000c00                UserTxBufferFS
 .bss.USBD_StrDesc
                0x20001400      0x200 ./USB_DEVICE/App/usbd_desc.o
                0x20001400                USBD_StrDesc
 .bss.hpcd_USB_OTG_FS
                0x20001600      0x4e4 ./USB_DEVICE/Target/usbd_conf.o
                0x20001600                hpcd_USB_OTG_FS
 .bss.mem.0     0x20001ae4      0x220 ./USB_DEVICE/Target/usbd_conf.o
 *(COMMON)
                0x20001d04                        . = ALIGN (0x4)
                0x20001d04                        _ebss = .
                0x20001d04                        __bss_end__ = _ebss

._user_heap_stack
                0x20001d04      0x604
                0x20001d08                        . = ALIGN (0x8)
 *fill*         0x20001d04        0x4 
                [!provide]                        PROVIDE (end = .)
                0x20001d08                        PROVIDE (_end = .)
                0x20001f08                        . = (. + _Min_Heap_Size)
 *fill*         0x20001d08      0x200 
                0x20002308                        . = (. + _Min_Stack_Size)
 *fill*         0x20001f08      0x400 
                0x20002308                        . = ALIGN (0x8)

/DISCARD/
 libc.a(*)
 libm.a(*)
 libgcc.a(*)

.ARM.attributes
                0x00000000       0x30
 *(.ARM.attributes)
 .ARM.attributes
                0x00000000       0x22 /home/francois/st/stm32cubeide_1.16.1/plugins/com.st.stm32cube.ide.mcu.externaltools.gnu-tools-for-stm32.12.3.rel1.linux64_1.0.200.202406132123/tools/bin/../lib/gcc/arm-none-eabi/12.3.1/thumb/v7e-m+fp/hard/crti.o
 .ARM.attributes
                0x00000022       0x34 /home/francois/st/stm32cubeide_1.16.1/plugins/com.st.stm32cube.ide.mcu.externaltools.gnu-tools-for-stm32.12.3.rel1.linux64_1.0.200.202406132123/tools/bin/../lib/gcc/arm-none-eabi/12.3.1/thumb/v7e-m+fp/hard/crtbegin.o
 .ARM.attributes
                0x00000056       0x34 ./Core/Src/main.o
 .ARM.attributes
                0x0000008a       0x34 ./Core/Src/stm32f4xx_hal_msp.o
 .ARM.attributes
                0x000000be       0x34 ./Core/Src/stm32f4xx_it.o
 .ARM.attributes
                0x000000f2       0x34 ./Core/Src/system_stm32f4xx.o
 .ARM.attributes
                0x00000126       0x21 ./Core/Startup/startup_stm32f405rgtx.o
 .ARM.attributes
                0x00000147       0x34 ./Drivers/STM32F4xx_HAL_Driver/Src/stm32f4xx_hal.o
 .ARM.attributes
                0x0000017b       0x34 ./Drivers/STM32F4xx_HAL_Driver/Src/stm32f4xx_hal_cortex.o
 .ARM.attributes
                0x000001af       0x34 ./Drivers/STM32F4xx_HAL_Driver/Src/stm32f4xx_hal_gpio.o
 .ARM.attributes
                0x000001e3       0x34 ./Drivers/STM32F4xx_HAL_Driver/Src/stm32f4xx_hal_pcd.o
 .ARM.attributes
                0x00000217       0x34 ./Drivers/STM32F4xx_HAL_Driver/Src/stm32f4xx_hal_pcd_ex.o
 .ARM.attributes
                0x0000024b       0x34 ./Drivers/STM32F4xx_HAL_Driver/Src/stm32f4xx_hal_rcc.o
 .ARM.attributes
                0x0000027f       0x34 ./Drivers/STM32F4xx_HAL_Driver/Src/stm32f4xx_ll_usb.o
 .ARM.attributes
                0x000002b3       0x34 ./Middlewares/ST/STM32_USB_Device_Library/Class/CDC/Src/usbd_cdc.o
 .ARM.attributes
                0x000002e7       0x34 ./Middlewares/ST/STM32_USB_Device_Library/Core/Src/usbd_core.o
 .ARM.attributes
                0x0000031b       0x34 ./Middlewares/ST/STM32_USB_Device_Library/Core/Src/usbd_ctlreq.o
 .ARM.attributes
                0x0000034f       0x34 ./Middlewares/ST/STM32_USB_Device_Library/Core/Src/usbd_ioreq.o
 .ARM.attributes
                0x00000383       0x34 ./USB_DEVICE/App/usb_device.o
 .ARM.attributes
                0x000003b7       0x34 ./USB_DEVICE/App/usbd_cdc_if.o
 .ARM.attributes
                0x000003eb       0x34 ./USB_DEVICE/App/usbd_desc.o
 .ARM.attributes
                0x0000041f       0x34 ./USB_DEVICE/Target/usbd_conf.o
 .ARM.attributes
                0x00000453       0x34 /home/francois/st/stm32cubeide_1.16.1/plugins/com.st.stm32cube.ide.mcu.externaltools.gnu-tools-for-stm32.12.3.rel1.linux64_1.0.200.202406132123/tools/bin/../lib/gcc/arm-none-eabi/12.3.1/../../../../arm-none-eabi/lib/thumb/v7e-m+fp/hard/libc_nano.a(libc_a-memset.o)
 .ARM.attributes
                0x00000487       0x34 /home/francois/st/stm32cubeide_1.16.1/plugins/com.st.stm32cube.ide.mcu.externaltools.gnu-tools-for-stm32.12.3.rel1.linux64_1.0.200.202406132123/tools/bin/../lib/gcc/arm-none-eabi/12.3.1/../../../../arm-none-eabi/lib/thumb/v7e-m+fp/hard/libc_nano.a(libc_a-init.o)
 .ARM.attributes
                0x000004bb       0x22 /home/francois/st/stm32cubeide_1.16.1/plugins/com.st.stm32cube.ide.mcu.externaltools.gnu-tools-for-stm32.12.3.rel1.linux64_1.0.200.202406132123/tools/bin/../lib/gcc/arm-none-eabi/12.3.1/thumb/v7e-m+fp/hard/libgcc.a(_aeabi_uldivmod.o)
 .ARM.attributes
                0x000004dd       0x34 /home/francois/st/stm32cubeide_1.16.1/plugins/com.st.stm32cube.ide.mcu.externaltools.gnu-tools-for-stm32.12.3.rel1.linux64_1.0.200.202406132123/tools/bin/../lib/gcc/arm-none-eabi/12.3.1/thumb/v7e-m+fp/hard/libgcc.a(_udivmoddi4.o)
 .ARM.attributes
                0x00000511       0x22 /home/francois/st/stm32cubeide_1.16.1/plugins/com.st.stm32cube.ide.mcu.externaltools.gnu-tools-for-stm32.12.3.rel1.linux64_1.0.200.202406132123/tools/bin/../lib/gcc/arm-none-eabi/12.3.1/thumb/v7e-m+fp/hard/libgcc.a(_dvmd_tls.o)
 .ARM.attributes
                0x00000533       0x22 /home/francois/st/stm32cubeide_1.16.1/plugins/com.st.stm32cube.ide.mcu.externaltools.gnu-tools-for-stm32.12.3.rel1.linux64_1.0.200.202406132123/tools/bin/../lib/gcc/arm-none-eabi/12.3.1/thumb/v7e-m+fp/hard/crtn.o
OUTPUT(test_vcp.elf elf32-littlearm)
LOAD linker stubs
LOAD /home/francois/st/stm32cubeide_1.16.1/plugins/com.st.stm32cube.ide.mcu.externaltools.gnu-tools-for-stm32.12.3.rel1.linux64_1.0.200.202406132123/tools/bin/../lib/gcc/arm-none-eabi/12.3.1/../../../../arm-none-eabi/lib/thumb/v7e-m+fp/hard/libc.a
LOAD /home/francois/st/stm32cubeide_1.16.1/plugins/com.st.stm32cube.ide.mcu.externaltools.gnu-tools-for-stm32.12.3.rel1.linux64_1.0.200.202406132123/tools/bin/../lib/gcc/arm-none-eabi/12.3.1/../../../../arm-none-eabi/lib/thumb/v7e-m+fp/hard/libm.a
LOAD /home/francois/st/stm32cubeide_1.16.1/plugins/com.st.stm32cube.ide.mcu.externaltools.gnu-tools-for-stm32.12.3.rel1.linux64_1.0.200.202406132123/tools/bin/../lib/gcc/arm-none-eabi/12.3.1/thumb/v7e-m+fp/hard/libgcc.a

.debug_info     0x00000000     0xd2e7
 .debug_info    0x00000000      0x586 ./Core/Src/main.o
 .debug_info    0x00000586      0x269 ./Core/Src/stm32f4xx_hal_msp.o
 .debug_info    0x000007ef      0x627 ./Core/Src/stm32f4xx_it.o
 .debug_info    0x00000e16      0x512 ./Core/Src/system_stm32f4xx.o
 .debug_info    0x00001328       0x30 ./Core/Startup/startup_stm32f405rgtx.o
 .debug_info    0x00001358      0x932 ./Drivers/STM32F4xx_HAL_Driver/Src/stm32f4xx_hal.o
 .debug_info    0x00001c8a      0xd7a ./Drivers/STM32F4xx_HAL_Driver/Src/stm32f4xx_hal_cortex.o
 .debug_info    0x00002a04      0x6c3 ./Drivers/STM32F4xx_HAL_Driver/Src/stm32f4xx_hal_gpio.o
 .debug_info    0x000030c7     0x156f ./Drivers/STM32F4xx_HAL_Driver/Src/stm32f4xx_hal_pcd.o
 .debug_info    0x00004636      0x6ea ./Drivers/STM32F4xx_HAL_Driver/Src/stm32f4xx_hal_pcd_ex.o
 .debug_info    0x00004d20      0x8af ./Drivers/STM32F4xx_HAL_Driver/Src/stm32f4xx_hal_rcc.o
 .debug_info    0x000055cf     0x1993 ./Drivers/STM32F4xx_HAL_Driver/Src/stm32f4xx_ll_usb.o
 .debug_info    0x00006f62     0x12a3 ./Middlewares/ST/STM32_USB_Device_Library/Class/CDC/Src/usbd_cdc.o
 .debug_info    0x00008205      0xe05 ./Middlewares/ST/STM32_USB_Device_Library/Core/Src/usbd_core.o
 .debug_info    0x0000900a      0xade ./Middlewares/ST/STM32_USB_Device_Library/Core/Src/usbd_ctlreq.o
 .debug_info    0x00009ae8      0x755 ./Middlewares/ST/STM32_USB_Device_Library/Core/Src/usbd_ioreq.o
 .debug_info    0x0000a23d      0x701 ./USB_DEVICE/App/usb_device.o
 .debug_info    0x0000a93e      0x8fa ./USB_DEVICE/App/usbd_cdc_if.o
 .debug_info    0x0000b238      0x458 ./USB_DEVICE/App/usbd_desc.o
 .debug_info    0x0000b690     0x1c57 ./USB_DEVICE/Target/usbd_conf.o

.debug_abbrev   0x00000000     0x2993
 .debug_abbrev  0x00000000      0x22e ./Core/Src/main.o
 .debug_abbrev  0x0000022e       0xd8 ./Core/Src/stm32f4xx_hal_msp.o
 .debug_abbrev  0x00000306      0x1a4 ./Core/Src/stm32f4xx_it.o
 .debug_abbrev  0x000004aa      0x11a ./Core/Src/system_stm32f4xx.o
 .debug_abbrev  0x000005c4       0x24 ./Core/Startup/startup_stm32f405rgtx.o
 .debug_abbrev  0x000005e8      0x214 ./Drivers/STM32F4xx_HAL_Driver/Src/stm32f4xx_hal.o
 .debug_abbrev  0x000007fc      0x31d ./Drivers/STM32F4xx_HAL_Driver/Src/stm32f4xx_hal_cortex.o
 .debug_abbrev  0x00000b19      0x1d4 ./Drivers/STM32F4xx_HAL_Driver/Src/stm32f4xx_hal_gpio.o
 .debug_abbrev  0x00000ced      0x2b9 ./Drivers/STM32F4xx_HAL_Driver/Src/stm32f4xx_hal_pcd.o
 .debug_abbrev  0x00000fa6      0x1da ./Drivers/STM32F4xx_HAL_Driver/Src/stm32f4xx_hal_pcd_ex.o
 .debug_abbrev  0x00001180      0x2b7 ./Drivers/STM32F4xx_HAL_Driver/Src/stm32f4xx_hal_rcc.o
 .debug_abbrev  0x00001437      0x2b3 ./Drivers/STM32F4xx_HAL_Driver/Src/stm32f4xx_ll_usb.o
 .debug_abbrev  0x000016ea      0x2d2 ./Middlewares/ST/STM32_USB_Device_Library/Class/CDC/Src/usbd_cdc.o
 .debug_abbrev  0x000019bc      0x27c ./Middlewares/ST/STM32_USB_Device_Library/Core/Src/usbd_core.o
 .debug_abbrev  0x00001c38      0x26f ./Middlewares/ST/STM32_USB_Device_Library/Core/Src/usbd_ctlreq.o
 .debug_abbrev  0x00001ea7      0x19a ./Middlewares/ST/STM32_USB_Device_Library/Core/Src/usbd_ioreq.o
 .debug_abbrev  0x00002041      0x195 ./USB_DEVICE/App/usb_device.o
 .debug_abbrev  0x000021d6      0x29d ./USB_DEVICE/App/usbd_cdc_if.o
 .debug_abbrev  0x00002473      0x1e1 ./USB_DEVICE/App/usbd_desc.o
 .debug_abbrev  0x00002654      0x33f ./USB_DEVICE/Target/usbd_conf.o

.debug_aranges  0x00000000      0xb50
 .debug_aranges
                0x00000000       0x38 ./Core/Src/main.o
 .debug_aranges
                0x00000038       0x20 ./Core/Src/stm32f4xx_hal_msp.o
 .debug_aranges
                0x00000058       0x68 ./Core/Src/stm32f4xx_it.o
 .debug_aranges
                0x000000c0       0x28 ./Core/Src/system_stm32f4xx.o
 .debug_aranges
                0x000000e8       0x28 ./Core/Startup/startup_stm32f405rgtx.o
 .debug_aranges
                0x00000110       0xf0 ./Drivers/STM32F4xx_HAL_Driver/Src/stm32f4xx_hal.o
 .debug_aranges
                0x00000200      0x130 ./Drivers/STM32F4xx_HAL_Driver/Src/stm32f4xx_hal_cortex.o
 .debug_aranges
                0x00000330       0x58 ./Drivers/STM32F4xx_HAL_Driver/Src/stm32f4xx_hal_gpio.o
 .debug_aranges
                0x00000388      0x148 ./Drivers/STM32F4xx_HAL_Driver/Src/stm32f4xx_hal_pcd.o
 .debug_aranges
                0x000004d0       0x38 ./Drivers/STM32F4xx_HAL_Driver/Src/stm32f4xx_hal_pcd_ex.o
 .debug_aranges
                0x00000508       0x88 ./Drivers/STM32F4xx_HAL_Driver/Src/stm32f4xx_hal_rcc.o
 .debug_aranges
                0x00000590      0x1a0 ./Drivers/STM32F4xx_HAL_Driver/Src/stm32f4xx_ll_usb.o
 .debug_aranges
                0x00000730       0x90 ./Middlewares/ST/STM32_USB_Device_Library/Class/CDC/Src/usbd_cdc.o
 .debug_aranges
                0x000007c0       0xd8 ./Middlewares/ST/STM32_USB_Device_Library/Core/Src/usbd_core.o
 .debug_aranges
                0x00000898       0x90 ./Middlewares/ST/STM32_USB_Device_Library/Core/Src/usbd_ctlreq.o
 .debug_aranges
                0x00000928       0x50 ./Middlewares/ST/STM32_USB_Device_Library/Core/Src/usbd_ioreq.o
 .debug_aranges
                0x00000978       0x20 ./USB_DEVICE/App/usb_device.o
 .debug_aranges
                0x00000998       0x48 ./USB_DEVICE/App/usbd_cdc_if.o
 .debug_aranges
                0x000009e0       0x60 ./USB_DEVICE/App/usbd_desc.o
 .debug_aranges
                0x00000a40      0x110 ./USB_DEVICE/Target/usbd_conf.o

.debug_rnglists
                0x00000000      0x853
 .debug_rnglists
                0x00000000       0x26 ./Core/Src/main.o
 .debug_rnglists
                0x00000026       0x13 ./Core/Src/stm32f4xx_hal_msp.o
 .debug_rnglists
                0x00000039       0x49 ./Core/Src/stm32f4xx_it.o
 .debug_rnglists
                0x00000082       0x1a ./Core/Src/system_stm32f4xx.o
 .debug_rnglists
                0x0000009c       0x19 ./Core/Startup/startup_stm32f405rgtx.o
 .debug_rnglists
                0x000000b5       0xaf ./Drivers/STM32F4xx_HAL_Driver/Src/stm32f4xx_hal.o
 .debug_rnglists
                0x00000164       0xe0 ./Drivers/STM32F4xx_HAL_Driver/Src/stm32f4xx_hal_cortex.o
 .debug_rnglists
                0x00000244       0x3f ./Drivers/STM32F4xx_HAL_Driver/Src/stm32f4xx_hal_gpio.o
 .debug_rnglists
                0x00000283       0xfa ./Drivers/STM32F4xx_HAL_Driver/Src/stm32f4xx_hal_pcd.o
 .debug_rnglists
                0x0000037d       0x26 ./Drivers/STM32F4xx_HAL_Driver/Src/stm32f4xx_hal_pcd_ex.o
 .debug_rnglists
                0x000003a3       0x66 ./Drivers/STM32F4xx_HAL_Driver/Src/stm32f4xx_hal_rcc.o
 .debug_rnglists
                0x00000409      0x147 ./Drivers/STM32F4xx_HAL_Driver/Src/stm32f4xx_ll_usb.o
 .debug_rnglists
                0x00000550       0x6c ./Middlewares/ST/STM32_USB_Device_Library/Class/CDC/Src/usbd_cdc.o
 .debug_rnglists
                0x000005bc       0xa1 ./Middlewares/ST/STM32_USB_Device_Library/Core/Src/usbd_core.o
 .debug_rnglists
                0x0000065d       0x6e ./Middlewares/ST/STM32_USB_Device_Library/Core/Src/usbd_ctlreq.o
 .debug_rnglists
                0x000006cb       0x37 ./Middlewares/ST/STM32_USB_Device_Library/Core/Src/usbd_ioreq.o
 .debug_rnglists
                0x00000702       0x13 ./USB_DEVICE/App/usb_device.o
 .debug_rnglists
                0x00000715       0x32 ./USB_DEVICE/App/usbd_cdc_if.o
 .debug_rnglists
                0x00000747       0x43 ./USB_DEVICE/App/usbd_desc.o
 .debug_rnglists
                0x0000078a       0xc9 ./USB_DEVICE/Target/usbd_conf.o

.debug_macro    0x00000000    0x20968
 .debug_macro   0x00000000      0x38c ./Core/Src/main.o
 .debug_macro   0x0000038c      0xab4 ./Core/Src/main.o
 .debug_macro   0x00000e40      0x295 ./Core/Src/main.o
 .debug_macro   0x000010d5       0x2e ./Core/Src/main.o
 .debug_macro   0x00001103       0x2f ./Core/Src/main.o
 .debug_macro   0x00001132       0x22 ./Core/Src/main.o
 .debug_macro   0x00001154       0x8e ./Core/Src/main.o
 .debug_macro   0x000011e2       0x51 ./Core/Src/main.o
 .debug_macro   0x00001233      0x103 ./Core/Src/main.o
 .debug_macro   0x00001336       0x6a ./Core/Src/main.o
 .debug_macro   0x000013a0      0x1df ./Core/Src/main.o
 .debug_macro   0x0000157f       0x1c ./Core/Src/main.o
 .debug_macro   0x0000159b       0x22 ./Core/Src/main.o
 .debug_macro   0x000015bd       0xfb ./Core/Src/main.o
 .debug_macro   0x000016b8     0x1011 ./Core/Src/main.o
 .debug_macro   0x000026c9      0x11f ./Core/Src/main.o
 .debug_macro   0x000027e8    0x1426d ./Core/Src/main.o
 .debug_macro   0x00016a55       0x6d ./Core/Src/main.o
 .debug_macro   0x00016ac2     0x369a ./Core/Src/main.o
 .debug_macro   0x0001a15c      0x189 ./Core/Src/main.o
 .debug_macro   0x0001a2e5       0x5c ./Core/Src/main.o
 .debug_macro   0x0001a341      0x8bc ./Core/Src/main.o
 .debug_macro   0x0001abfd      0x9e9 ./Core/Src/main.o
 .debug_macro   0x0001b5e6      0x115 ./Core/Src/main.o
 .debug_macro   0x0001b6fb      0x130 ./Core/Src/main.o
 .debug_macro   0x0001b82b       0xa5 ./Core/Src/main.o
 .debug_macro   0x0001b8d0      0x174 ./Core/Src/main.o
 .debug_macro   0x0001ba44      0x287 ./Core/Src/main.o
 .debug_macro   0x0001bccb       0x5f ./Core/Src/main.o
 .debug_macro   0x0001bd2a      0x236 ./Core/Src/main.o
 .debug_macro   0x0001bf60      0x12c ./Core/Src/main.o
 .debug_macro   0x0001c08c      0x21e ./Core/Src/main.o
 .debug_macro   0x0001c2aa       0x2e ./Core/Src/main.o
 .debug_macro   0x0001c2d8      0x127 ./Core/Src/main.o
 .debug_macro   0x0001c3ff       0x7e ./Core/Src/main.o
 .debug_macro   0x0001c47d       0x89 ./Core/Src/main.o
 .debug_macro   0x0001c506      0x293 ./Core/Src/main.o
 .debug_macro   0x0001c799       0xba ./Core/Src/main.o
 .debug_macro   0x0001c853      0x12d ./Core/Src/main.o
 .debug_macro   0x0001c980       0x61 ./Core/Src/main.o
 .debug_macro   0x0001c9e1       0x2a ./Core/Src/main.o
 .debug_macro   0x0001ca0b       0x43 ./Core/Src/main.o
 .debug_macro   0x0001ca4e       0x34 ./Core/Src/main.o
 .debug_macro   0x0001ca82       0x16 ./Core/Src/main.o
 .debug_macro   0x0001ca98       0x35 ./Core/Src/main.o
 .debug_macro   0x0001cacd      0x369 ./Core/Src/main.o
 .debug_macro   0x0001ce36       0x10 ./Core/Src/main.o
 .debug_macro   0x0001ce46       0x16 ./Core/Src/main.o
 .debug_macro   0x0001ce5c       0x43 ./Core/Src/main.o
 .debug_macro   0x0001ce9f       0x34 ./Core/Src/main.o
 .debug_macro   0x0001ced3       0x10 ./Core/Src/main.o
 .debug_macro   0x0001cee3       0x58 ./Core/Src/main.o
 .debug_macro   0x0001cf3b       0x8e ./Core/Src/main.o
 .debug_macro   0x0001cfc9       0x1c ./Core/Src/main.o
 .debug_macro   0x0001cfe5      0x177 ./Core/Src/main.o
 .debug_macro   0x0001d15c       0x16 ./Core/Src/main.o
 .debug_macro   0x0001d172       0x16 ./Core/Src/main.o
 .debug_macro   0x0001d188      0x146 ./Core/Src/main.o
 .debug_macro   0x0001d2ce       0x16 ./Core/Src/main.o
 .debug_macro   0x0001d2e4       0x16 ./Core/Src/main.o
 .debug_macro   0x0001d2fa       0x29 ./Core/Src/main.o
 .debug_macro   0x0001d323       0x16 ./Core/Src/main.o
 .debug_macro   0x0001d339       0x20 ./Core/Src/main.o
 .debug_macro   0x0001d359       0x65 ./Core/Src/main.o
 .debug_macro   0x0001d3be      0x20f ./Core/Src/main.o
 .debug_macro   0x0001d5cd       0x95 ./Core/Src/main.o
 .debug_macro   0x0001d662       0x10 ./Core/Src/main.o
 .debug_macro   0x0001d672      0x1de ./Core/Src/stm32f4xx_hal_msp.o
 .debug_macro   0x0001d850      0x1e8 ./Core/Src/stm32f4xx_it.o
 .debug_macro   0x0001da38      0x1d4 ./Core/Src/system_stm32f4xx.o
 .debug_macro   0x0001dc0c      0x234 ./Drivers/STM32F4xx_HAL_Driver/Src/stm32f4xx_hal.o
 .debug_macro   0x0001de40      0x1d4 ./Drivers/STM32F4xx_HAL_Driver/Src/stm32f4xx_hal_cortex.o
 .debug_macro   0x0001e014      0x1da ./Drivers/STM32F4xx_HAL_Driver/Src/stm32f4xx_hal_gpio.o
 .debug_macro   0x0001e1ee      0x1e0 ./Drivers/STM32F4xx_HAL_Driver/Src/stm32f4xx_hal_pcd.o
 .debug_macro   0x0001e3ce      0x1d4 ./Drivers/STM32F4xx_HAL_Driver/Src/stm32f4xx_hal_pcd_ex.o
 .debug_macro   0x0001e5a2      0x1f8 ./Drivers/STM32F4xx_HAL_Driver/Src/stm32f4xx_hal_rcc.o
 .debug_macro   0x0001e79a      0x1d4 ./Drivers/STM32F4xx_HAL_Driver/Src/stm32f4xx_ll_usb.o
 .debug_macro   0x0001e96e      0x36d ./Middlewares/ST/STM32_USB_Device_Library/Class/CDC/Src/usbd_cdc.o
 .debug_macro   0x0001ecdb       0x9e ./Middlewares/ST/STM32_USB_Device_Library/Class/CDC/Src/usbd_cdc.o
 .debug_macro   0x0001ed79      0x10b ./Middlewares/ST/STM32_USB_Device_Library/Class/CDC/Src/usbd_cdc.o
 .debug_macro   0x0001ee84       0x56 ./Middlewares/ST/STM32_USB_Device_Library/Class/CDC/Src/usbd_cdc.o
 .debug_macro   0x0001eeda      0x354 ./Middlewares/ST/STM32_USB_Device_Library/Core/Src/usbd_core.o
 .debug_macro   0x0001f22e      0x215 ./Middlewares/ST/STM32_USB_Device_Library/Core/Src/usbd_core.o
 .debug_macro   0x0001f443      0x35e ./Middlewares/ST/STM32_USB_Device_Library/Core/Src/usbd_ctlreq.o
 .debug_macro   0x0001f7a1      0x35a ./Middlewares/ST/STM32_USB_Device_Library/Core/Src/usbd_ioreq.o
 .debug_macro   0x0001fafb      0x393 ./USB_DEVICE/App/usb_device.o
 .debug_macro   0x0001fe8e       0x22 ./USB_DEVICE/App/usb_device.o
 .debug_macro   0x0001feb0       0x16 ./USB_DEVICE/App/usb_device.o
 .debug_macro   0x0001fec6      0x378 ./USB_DEVICE/App/usbd_cdc_if.o
 .debug_macro   0x0002023e      0x397 ./USB_DEVICE/App/usbd_desc.o
 .debug_macro   0x000205d5       0x1c ./USB_DEVICE/App/usbd_desc.o
 .debug_macro   0x000205f1      0x377 ./USB_DEVICE/Target/usbd_conf.o

.debug_line     0x00000000     0xeafb
 .debug_line    0x00000000      0xa05 ./Core/Src/main.o
 .debug_line    0x00000a05      0x6ba ./Core/Src/stm32f4xx_hal_msp.o
 .debug_line    0x000010bf      0x794 ./Core/Src/stm32f4xx_it.o
 .debug_line    0x00001853      0x73e ./Core/Src/system_stm32f4xx.o
 .debug_line    0x00001f91       0x7a ./Core/Startup/startup_stm32f405rgtx.o
 .debug_line    0x0000200b      0x9a7 ./Drivers/STM32F4xx_HAL_Driver/Src/stm32f4xx_hal.o
 .debug_line    0x000029b2      0xc99 ./Drivers/STM32F4xx_HAL_Driver/Src/stm32f4xx_hal_cortex.o
 .debug_line    0x0000364b      0xb33 ./Drivers/STM32F4xx_HAL_Driver/Src/stm32f4xx_hal_gpio.o
 .debug_line    0x0000417e     0x1490 ./Drivers/STM32F4xx_HAL_Driver/Src/stm32f4xx_hal_pcd.o
 .debug_line    0x0000560e      0x784 ./Drivers/STM32F4xx_HAL_Driver/Src/stm32f4xx_hal_pcd_ex.o
 .debug_line    0x00005d92      0xd32 ./Drivers/STM32F4xx_HAL_Driver/Src/stm32f4xx_hal_rcc.o
 .debug_line    0x00006ac4     0x1d82 ./Drivers/STM32F4xx_HAL_Driver/Src/stm32f4xx_ll_usb.o
 .debug_line    0x00008846      0xe39 ./Middlewares/ST/STM32_USB_Device_Library/Class/CDC/Src/usbd_cdc.o
 .debug_line    0x0000967f      0xeb3 ./Middlewares/ST/STM32_USB_Device_Library/Core/Src/usbd_core.o
 .debug_line    0x0000a532     0x10c3 ./Middlewares/ST/STM32_USB_Device_Library/Core/Src/usbd_ctlreq.o
 .debug_line    0x0000b5f5      0x9cd ./Middlewares/ST/STM32_USB_Device_Library/Core/Src/usbd_ioreq.o
 .debug_line    0x0000bfc2      0x989 ./USB_DEVICE/App/usb_device.o
 .debug_line    0x0000c94b      0x9ec ./USB_DEVICE/App/usbd_cdc_if.o
 .debug_line    0x0000d337      0xa52 ./USB_DEVICE/App/usbd_desc.o
 .debug_line    0x0000dd89      0xd72 ./USB_DEVICE/Target/usbd_conf.o

.debug_str      0x00000000    0xb916b
 .debug_str     0x00000000    0xb5af4 ./Core/Src/main.o
                              0xb5de2 (size before relaxing)
 .debug_str     0x000b5af4       0x2c ./Core/Src/stm32f4xx_hal_msp.o
                              0xb15d9 (size before relaxing)
 .debug_str     0x000b5b20      0x49b ./Core/Src/stm32f4xx_it.o
                              0xb1992 (size before relaxing)
 .debug_str     0x000b5fbb       0xdb ./Core/Src/system_stm32f4xx.o
                              0xb1689 (size before relaxing)
 .debug_str     0x000b6096       0x44 ./Core/Startup/startup_stm32f405rgtx.o
                                 0x75 (size before relaxing)
 .debug_str     0x000b60da      0xadc ./Drivers/STM32F4xx_HAL_Driver/Src/stm32f4xx_hal.o
                              0xb21ec (size before relaxing)
 .debug_str     0x000b6bb6      0x39e ./Drivers/STM32F4xx_HAL_Driver/Src/stm32f4xx_hal_cortex.o
                              0xb1f68 (size before relaxing)
 .debug_str     0x000b6f54      0x1cd ./Drivers/STM32F4xx_HAL_Driver/Src/stm32f4xx_hal_gpio.o
                              0xb1804 (size before relaxing)
 .debug_str     0x000b7121      0x831 ./Drivers/STM32F4xx_HAL_Driver/Src/stm32f4xx_hal_pcd.o
                              0xb2167 (size before relaxing)
 .debug_str     0x000b7952      0x115 ./Drivers/STM32F4xx_HAL_Driver/Src/stm32f4xx_hal_pcd_ex.o
                              0xb1a57 (size before relaxing)
 .debug_str     0x000b7a67      0x22f ./Drivers/STM32F4xx_HAL_Driver/Src/stm32f4xx_hal_rcc.o
                              0xb1abd (size before relaxing)
 .debug_str     0x000b7c96      0x4b9 ./Drivers/STM32F4xx_HAL_Driver/Src/stm32f4xx_ll_usb.o
                              0xb2042 (size before relaxing)
 .debug_str     0x000b814f      0x6fe ./Middlewares/ST/STM32_USB_Device_Library/Class/CDC/Src/usbd_cdc.o
                              0xb665a (size before relaxing)
 .debug_str     0x000b884d      0x35c ./Middlewares/ST/STM32_USB_Device_Library/Core/Src/usbd_core.o
                              0xb5fb3 (size before relaxing)
 .debug_str     0x000b8ba9      0x139 ./Middlewares/ST/STM32_USB_Device_Library/Core/Src/usbd_ctlreq.o
                              0xb5dde (size before relaxing)
 .debug_str     0x000b8ce2       0x51 ./Middlewares/ST/STM32_USB_Device_Library/Core/Src/usbd_ioreq.o
                              0xb5cb3 (size before relaxing)
 .debug_str     0x000b8d33       0xc6 ./USB_DEVICE/App/usb_device.o
                              0xb6066 (size before relaxing)
 .debug_str     0x000b8df9       0x91 ./USB_DEVICE/App/usbd_cdc_if.o
                              0xb60a6 (size before relaxing)
 .debug_str     0x000b8e8a      0x26e ./USB_DEVICE/App/usbd_desc.o
                              0xb5bb3 (size before relaxing)
 .debug_str     0x000b90f8       0x73 ./USB_DEVICE/Target/usbd_conf.o
                              0xb6e87 (size before relaxing)

.comment        0x00000000       0x43
 .comment       0x00000000       0x43 ./Core/Src/main.o
                                 0x44 (size before relaxing)
 .comment       0x00000043       0x44 ./Core/Src/stm32f4xx_hal_msp.o
 .comment       0x00000043       0x44 ./Core/Src/stm32f4xx_it.o
 .comment       0x00000043       0x44 ./Core/Src/system_stm32f4xx.o
 .comment       0x00000043       0x44 ./Drivers/STM32F4xx_HAL_Driver/Src/stm32f4xx_hal.o
 .comment       0x00000043       0x44 ./Drivers/STM32F4xx_HAL_Driver/Src/stm32f4xx_hal_cortex.o
 .comment       0x00000043       0x44 ./Drivers/STM32F4xx_HAL_Driver/Src/stm32f4xx_hal_gpio.o
 .comment       0x00000043       0x44 ./Drivers/STM32F4xx_HAL_Driver/Src/stm32f4xx_hal_pcd.o
 .comment       0x00000043       0x44 ./Drivers/STM32F4xx_HAL_Driver/Src/stm32f4xx_hal_pcd_ex.o
 .comment       0x00000043       0x44 ./Drivers/STM32F4xx_HAL_Driver/Src/stm32f4xx_hal_rcc.o
 .comment       0x00000043       0x44 ./Drivers/STM32F4xx_HAL_Driver/Src/stm32f4xx_ll_usb.o
 .comment       0x00000043       0x44 ./Middlewares/ST/STM32_USB_Device_Library/Class/CDC/Src/usbd_cdc.o
 .comment       0x00000043       0x44 ./Middlewares/ST/STM32_USB_Device_Library/Core/Src/usbd_core.o
 .comment       0x00000043       0x44 ./Middlewares/ST/STM32_USB_Device_Library/Core/Src/usbd_ctlreq.o
 .comment       0x00000043       0x44 ./Middlewares/ST/STM32_USB_Device_Library/Core/Src/usbd_ioreq.o
 .comment       0x00000043       0x44 ./USB_DEVICE/App/usb_device.o
 .comment       0x00000043       0x44 ./USB_DEVICE/App/usbd_cdc_if.o
 .comment       0x00000043       0x44 ./USB_DEVICE/App/usbd_desc.o
 .comment       0x00000043       0x44 ./USB_DEVICE/Target/usbd_conf.o

.debug_frame    0x00000000     0x2cd0
 .debug_frame   0x00000000       0x90 ./Core/Src/main.o
 .debug_frame   0x00000090       0x38 ./Core/Src/stm32f4xx_hal_msp.o
 .debug_frame   0x000000c8      0x120 ./Core/Src/stm32f4xx_it.o
 .debug_frame   0x000001e8       0x58 ./Core/Src/system_stm32f4xx.o
 .debug_frame   0x00000240      0x374 ./Drivers/STM32F4xx_HAL_Driver/Src/stm32f4xx_hal.o
 .debug_frame   0x000005b4      0x508 ./Drivers/STM32F4xx_HAL_Driver/Src/stm32f4xx_hal_cortex.o
 .debug_frame   0x00000abc      0x14c ./Drivers/STM32F4xx_HAL_Driver/Src/stm32f4xx_hal_gpio.o
 .debug_frame   0x00000c08      0x5b8 ./Drivers/STM32F4xx_HAL_Driver/Src/stm32f4xx_hal_pcd.o
 .debug_frame   0x000011c0       0xb0 ./Drivers/STM32F4xx_HAL_Driver/Src/stm32f4xx_hal_pcd_ex.o
 .debug_frame   0x00001270      0x1f4 ./Drivers/STM32F4xx_HAL_Driver/Src/stm32f4xx_hal_rcc.o
 .debug_frame   0x00001464      0x7c0 ./Drivers/STM32F4xx_HAL_Driver/Src/stm32f4xx_ll_usb.o
 .debug_frame   0x00001c24      0x23c ./Middlewares/ST/STM32_USB_Device_Library/Class/CDC/Src/usbd_cdc.o
 .debug_frame   0x00001e60      0x390 ./Middlewares/ST/STM32_USB_Device_Library/Core/Src/usbd_core.o
 .debug_frame   0x000021f0      0x23c ./Middlewares/ST/STM32_USB_Device_Library/Core/Src/usbd_ctlreq.o
 .debug_frame   0x0000242c      0x10c ./Middlewares/ST/STM32_USB_Device_Library/Core/Src/usbd_ioreq.o
 .debug_frame   0x00002538       0x2c ./USB_DEVICE/App/usb_device.o
 .debug_frame   0x00002564       0xe4 ./USB_DEVICE/App/usbd_cdc_if.o
 .debug_frame   0x00002648      0x160 ./USB_DEVICE/App/usbd_desc.o
 .debug_frame   0x000027a8      0x47c ./USB_DEVICE/Target/usbd_conf.o
 .debug_frame   0x00002c24       0x20 /home/francois/st/stm32cubeide_1.16.1/plugins/com.st.stm32cube.ide.mcu.externaltools.gnu-tools-for-stm32.12.3.rel1.linux64_1.0.200.202406132123/tools/bin/../lib/gcc/arm-none-eabi/12.3.1/../../../../arm-none-eabi/lib/thumb/v7e-m+fp/hard/libc_nano.a(libc_a-memset.o)
 .debug_frame   0x00002c44       0x2c /home/francois/st/stm32cubeide_1.16.1/plugins/com.st.stm32cube.ide.mcu.externaltools.gnu-tools-for-stm32.12.3.rel1.linux64_1.0.200.202406132123/tools/bin/../lib/gcc/arm-none-eabi/12.3.1/../../../../arm-none-eabi/lib/thumb/v7e-m+fp/hard/libc_nano.a(libc_a-init.o)
 .debug_frame   0x00002c70       0x2c /home/francois/st/stm32cubeide_1.16.1/plugins/com.st.stm32cube.ide.mcu.externaltools.gnu-tools-for-stm32.12.3.rel1.linux64_1.0.200.202406132123/tools/bin/../lib/gcc/arm-none-eabi/12.3.1/thumb/v7e-m+fp/hard/libgcc.a(_aeabi_uldivmod.o)
 .debug_frame   0x00002c9c       0x34 /home/francois/st/stm32cubeide_1.16.1/plugins/com.st.stm32cube.ide.mcu.externaltools.gnu-tools-for-stm32.12.3.rel1.linux64_1.0.200.202406132123/tools/bin/../lib/gcc/arm-none-eabi/12.3.1/thumb/v7e-m+fp/hard/libgcc.a(_udivmoddi4.o)

.debug_line_str
                0x00000000       0x59
 .debug_line_str
                0x00000000       0x59 ./Core/Startup/startup_stm32f405rgtx.o
